SQL> -- WAQTD THE ANNUAL SALARY OF THE EMPLOYEE WHOSE NAME IS SMITH
SQL> SELECT SAL*12 "ANNUAL SALARY"
  2  FROM EMP
  3  WHERE ENAME='SMITH';

ANNUAL SALARY                                                                   
-------------                                                                   
         9600                                                                   

SQL> --2 WAQTD NAME OF THE EMPLOYEES WORKING AS CLERK
SQL> SELECT ENAME
  2  FROM EMP
  3  WHERE JOB='CLERK';

ENAME                                                                           
----------                                                                      
SMITH                                                                           
ADAMS                                                                           
JAMES                                                                           
MILLER                                                                          

SQL> --3 WAQTD SALARY OF THE EMPLOYEES WHO ARE WORKING AS SALESMAN
SQL> SELECT SAL
  2  FROM EMP
  3  WHERE JOB ='SALESMAN';

       SAL                                                                      
----------                                                                      
      1600                                                                      
      1250                                                                      
      1250                                                                      
      1500                                                                      

SQL> -- WAQTD DETAILS OF THE EMP WHO EARNS MORE THAN 2000
SQL> SELECT EMP.*
  2  FROM EMP
  3  WHERE SAL>2000;

     EMPNO ENAME      JOB              MGR HIREDATE         SAL       COMM      
---------- ---------- --------- ---------- --------- ---------- ----------      
    DEPTNO                                                                      
----------                                                                      
      7566 JONES      MANAGER         7839 02-APR-81       2975                 
        20                                                                      
                                                                                
      7698 BLAKE      MANAGER         7839 01-MAY-81       2850                 
        30                                                                      
                                                                                
      7782 CLARK      MANAGER         7839 09-JUN-81       2450                 
        10                                                                      
                                                                                

     EMPNO ENAME      JOB              MGR HIREDATE         SAL       COMM      
---------- ---------- --------- ---------- --------- ---------- ----------      
    DEPTNO                                                                      
----------                                                                      
      7788 SCOTT      ANALYST         7566 19-APR-87       3000                 
        20                                                                      
                                                                                
      7839 KING       PRESIDENT            17-NOV-81       5000                 
        10                                                                      
                                                                                
      7902 FORD       ANALYST         7566 03-DEC-81       3000                 
        20                                                                      
                                                                                

6 rows selected.

SQL> --5 WAQTD DETAILS OF THE EMP WHOSE NAME IS JONES.
SQL> SELECT EMP.*
  2  FROM EMP
  3  WHERE ENAME='JONES';

     EMPNO ENAME      JOB              MGR HIREDATE         SAL       COMM      
---------- ---------- --------- ---------- --------- ---------- ----------      
    DEPTNO                                                                      
----------                                                                      
      7566 JONES      MANAGER         7839 02-APR-81       2975                 
        20                                                                      
                                                                                

SQL> SET LINES 100 PAGES 100;
SQL> /

     EMPNO ENAME      JOB              MGR HIREDATE         SAL       COMM     DEPTNO               
---------- ---------- --------- ---------- --------- ---------- ---------- ----------               
      7566 JONES      MANAGER         7839 02-APR-81       2975                    20               

SQL> -- 6 WAQTD DETAILS OF THE EMP WHO WAS HIRED AFTER 01-JAN-81.
SQL> SELECT * FROM EMP;

     EMPNO ENAME      JOB              MGR HIREDATE         SAL       COMM     DEPTNO               
---------- ---------- --------- ---------- --------- ---------- ---------- ----------               
      7369 SMITH      CLERK           7902 17-DEC-80        800                    20               
      7499 ALLEN      SALESMAN        7698 20-FEB-81       1600        300         30               
      7521 WARD       SALESMAN        7698 22-FEB-81       1250        500         30               
      7566 JONES      MANAGER         7839 02-APR-81       2975                    20               
      7654 MARTIN     SALESMAN        7698 28-SEP-81       1250       1400         30               
      7698 BLAKE      MANAGER         7839 01-MAY-81       2850                    30               
      7782 CLARK      MANAGER         7839 09-JUN-81       2450                    10               
      7788 SCOTT      ANALYST         7566 19-APR-87       3000                    20               
      7839 KING       PRESIDENT            17-NOV-81       5000                    10               
      7844 TURNER     SALESMAN        7698 08-SEP-81       1500          0         30               
      7876 ADAMS      CLERK           7788 23-MAY-87       1100                    20               
      7900 JAMES      CLERK           7698 03-DEC-81        950                    30               
      7902 FORD       ANALYST         7566 03-DEC-81       3000                    20               
      7934 MILLER     CLERK           7782 23-JAN-82       1300                    10               

14 rows selected.

SQL> SELECT EMP.*
  2  FROM EMP
  3  WHERE HIREDATE > '01-JAN-81';

     EMPNO ENAME      JOB              MGR HIREDATE         SAL       COMM     DEPTNO               
---------- ---------- --------- ---------- --------- ---------- ---------- ----------               
      7499 ALLEN      SALESMAN        7698 20-FEB-81       1600        300         30               
      7521 WARD       SALESMAN        7698 22-FEB-81       1250        500         30               
      7566 JONES      MANAGER         7839 02-APR-81       2975                    20               
      7654 MARTIN     SALESMAN        7698 28-SEP-81       1250       1400         30               
      7698 BLAKE      MANAGER         7839 01-MAY-81       2850                    30               
      7782 CLARK      MANAGER         7839 09-JUN-81       2450                    10               
      7788 SCOTT      ANALYST         7566 19-APR-87       3000                    20               
      7839 KING       PRESIDENT            17-NOV-81       5000                    10               
      7844 TURNER     SALESMAN        7698 08-SEP-81       1500          0         30               
      7876 ADAMS      CLERK           7788 23-MAY-87       1100                    20               
      7900 JAMES      CLERK           7698 03-DEC-81        950                    30               
      7902 FORD       ANALYST         7566 03-DEC-81       3000                    20               
      7934 MILLER     CLERK           7782 23-JAN-82       1300                    10               

13 rows selected.

SQL> -- 7 WAQTD NAME AND SAL ALONG WITH HIS ANNUAL SALARY IF THE ANNUAL SALARY IS MORE THAN 12000.
SQL> SELECT ENAME,SAL,SAL*12 "ANNUAL SALARY"
  2  FROM EMP;

ENAME             SAL ANNUAL SALARY                                                                 
---------- ---------- -------------                                                                 
SMITH             800          9600                                                                 
ALLEN            1600         19200                                                                 
WARD             1250         15000                                                                 
JONES            2975         35700                                                                 
MARTIN           1250         15000                                                                 
BLAKE            2850         34200                                                                 
CLARK            2450         29400                                                                 
SCOTT            3000         36000                                                                 
KING             5000         60000                                                                 
TURNER           1500         18000                                                                 
ADAMS            1100         13200                                                                 
JAMES             950         11400                                                                 
FORD             3000         36000                                                                 
MILLER           1300         15600                                                                 

14 rows selected.

SQL> SELECT ENAME,SAL,SAL*12 "ANNUAL SALARY"
  2  FROM EMP
  3  WHERE IF SAL> 12000;
WHERE IF SAL> 12000
         *
ERROR at line 3:
ORA-00920: invalid relational operator 


SQL> SELECT ENAME,SAL,SAL*12 "ANNUAL SALARY"
  2  FROM EMP
  3  WHERE SAL*12>12000;

ENAME             SAL ANNUAL SALARY                                                                 
---------- ---------- -------------                                                                 
ALLEN            1600         19200                                                                 
WARD             1250         15000                                                                 
JONES            2975         35700                                                                 
MARTIN           1250         15000                                                                 
BLAKE            2850         34200                                                                 
CLARK            2450         29400                                                                 
SCOTT            3000         36000                                                                 
KING             5000         60000                                                                 
TURNER           1500         18000                                                                 
ADAMS            1100         13200                                                                 
FORD             3000         36000                                                                 
MILLER           1300         15600                                                                 

12 rows selected.

SQL> -- WAQTD EMP NO OF THE EMPLOYEES WHO ARE WORKING IN DEPT 30.
SQL> DESC EMP;
 Name                                                  Null?    Type
 ----------------------------------------------------- -------- ------------------------------------
 EMPNO                                                 NOT NULL NUMBER(4)
 ENAME                                                          VARCHAR2(10)
 JOB                                                            VARCHAR2(9)
 MGR                                                            NUMBER(4)
 HIREDATE                                                       DATE
 SAL                                                            NUMBER(7,2)
 COMM                                                           NUMBER(7,2)
 DEPTNO                                                         NUMBER(2)

SQL> SELECT EMPNO
  2  FROM EMP
  3  WHERE DEPT=30;
WHERE DEPT=30
      *
ERROR at line 3:
ORA-00904: "DEPT": invalid identifier 


SQL> SELECT EMPNO
  2  FROM EMP
  3  WHERE DEPTNO=30;

     EMPNO                                                                                          
----------                                                                                          
      7499                                                                                          
      7521                                                                                          
      7654                                                                                          
      7698                                                                                          
      7844                                                                                          
      7900                                                                                          

6 rows selected.

SQL> -- WAQTD ENAME AND HIREDATE IF THEY ARE HIRED BEFORE 1981.
SQL> SELECT ENAME,HIREDATE
  2  FROM EMP
  3  WHERE HIREDATE < '01-JAN-1981';

ENAME      HIREDATE                                                                                 
---------- ---------                                                                                
SMITH      17-DEC-80                                                                                

SQL> -- 10 WAQTD DETAILS OF THE EMPLOYEES WORKING AS MANAGER.
SQL> SELECT EMP.*
  2  FROM EMP
  3  ;

     EMPNO ENAME      JOB              MGR HIREDATE         SAL       COMM     DEPTNO               
---------- ---------- --------- ---------- --------- ---------- ---------- ----------               
      7369 SMITH      CLERK           7902 17-DEC-80        800                    20               
      7499 ALLEN      SALESMAN        7698 20-FEB-81       1600        300         30               
      7521 WARD       SALESMAN        7698 22-FEB-81       1250        500         30               
      7566 JONES      MANAGER         7839 02-APR-81       2975                    20               
      7654 MARTIN     SALESMAN        7698 28-SEP-81       1250       1400         30               
      7698 BLAKE      MANAGER         7839 01-MAY-81       2850                    30               
      7782 CLARK      MANAGER         7839 09-JUN-81       2450                    10               
      7788 SCOTT      ANALYST         7566 19-APR-87       3000                    20               
      7839 KING       PRESIDENT            17-NOV-81       5000                    10               
      7844 TURNER     SALESMAN        7698 08-SEP-81       1500          0         30               
      7876 ADAMS      CLERK           7788 23-MAY-87       1100                    20               
      7900 JAMES      CLERK           7698 03-DEC-81        950                    30               
      7902 FORD       ANALYST         7566 03-DEC-81       3000                    20               
      7934 MILLER     CLERK           7782 23-JAN-82       1300                    10               

14 rows selected.

SQL> WHERE JOB='MANAGER';
SP2-0734: unknown command beginning "WHERE JOB=..." - rest of line ignored.
SQL> SELECT EMP.*
  2  FROM EMP
  3  WHERE JOB='MANAGER';

     EMPNO ENAME      JOB              MGR HIREDATE         SAL       COMM     DEPTNO               
---------- ---------- --------- ---------- --------- ---------- ---------- ----------               
      7566 JONES      MANAGER         7839 02-APR-81       2975                    20               
      7698 BLAKE      MANAGER         7839 01-MAY-81       2850                    30               
      7782 CLARK      MANAGER         7839 09-JUN-81       2450                    10               

SQL> --11.WAQTD NAME AND SALARY GIVEN TO AN EMPLOYEE IF EMPLOYEE EARNS AN COMMISSION OF RUPEES 1400.
SQL> SELECT ENAME,SAL
  2  FROM EMP
  3  WHERE COMM=1400;

ENAME             SAL                                                                               
---------- ----------                                                                               
MARTIN           1250                                                                               

SQL> --12 WAQTD DETAILS OF THE EMPLOYEES HAVING COMMISSION MORE THAN SALARY.
SQL> SELECT EMP.*
  2  FROM EMP
  3  WHERE COMM>SAL;

     EMPNO ENAME      JOB              MGR HIREDATE         SAL       COMM     DEPTNO               
---------- ---------- --------- ---------- --------- ---------- ---------- ----------               
      7654 MARTIN     SALESMAN        7698 28-SEP-81       1250       1400         30               

SQL> --13 WAQTD EMPNO OF EMPLOYEES HIRED BEFORE YEAR 87.
SQL> SELECT EMP.*
  2  FROM EMP
  3  ;

     EMPNO ENAME      JOB              MGR HIREDATE         SAL       COMM     DEPTNO               
---------- ---------- --------- ---------- --------- ---------- ---------- ----------               
      7369 SMITH      CLERK           7902 17-DEC-80        800                    20               
      7499 ALLEN      SALESMAN        7698 20-FEB-81       1600        300         30               
      7521 WARD       SALESMAN        7698 22-FEB-81       1250        500         30               
      7566 JONES      MANAGER         7839 02-APR-81       2975                    20               
      7654 MARTIN     SALESMAN        7698 28-SEP-81       1250       1400         30               
      7698 BLAKE      MANAGER         7839 01-MAY-81       2850                    30               
      7782 CLARK      MANAGER         7839 09-JUN-81       2450                    10               
      7788 SCOTT      ANALYST         7566 19-APR-87       3000                    20               
      7839 KING       PRESIDENT            17-NOV-81       5000                    10               
      7844 TURNER     SALESMAN        7698 08-SEP-81       1500          0         30               
      7876 ADAMS      CLERK           7788 23-MAY-87       1100                    20               
      7900 JAMES      CLERK           7698 03-DEC-81        950                    30               
      7902 FORD       ANALYST         7566 03-DEC-81       3000                    20               
      7934 MILLER     CLERK           7782 23-JAN-82       1300                    10               

14 rows selected.

SQL> SELECT EMPNO
  2  FROM EMP
  3  WHERE HIREDATE > '01-JAN-87';

     EMPNO                                                                                          
----------                                                                                          
      7788                                                                                          
      7876                                                                                          

SQL> --14 WAQTD DETAILS EMPNO OF EMPLOYEES WORKING AS AN ANALYST.
SQL> SELECT EMP.*
  2  FROM EMP
  3  WHERE JOB='ANALYST';

     EMPNO ENAME      JOB              MGR HIREDATE         SAL       COMM     DEPTNO               
---------- ---------- --------- ---------- --------- ---------- ---------- ----------               
      7788 SCOTT      ANALYST         7566 19-APR-87       3000                    20               
      7902 FORD       ANALYST         7566 03-DEC-81       3000                    20               

SQL> -- 15 WAQTD DETAILS OF EMPS EARNING MORE THAN 2000 RUPEES PER MONTH.
SQL> SELECT EMP.*
  2  FROM EMP
  3  WHERE SAL > 2000;

     EMPNO ENAME      JOB              MGR HIREDATE         SAL       COMM     DEPTNO               
---------- ---------- --------- ---------- --------- ---------- ---------- ----------               
      7566 JONES      MANAGER         7839 02-APR-81       2975                    20               
      7698 BLAKE      MANAGER         7839 01-MAY-81       2850                    30               
      7782 CLARK      MANAGER         7839 09-JUN-81       2450                    10               
      7788 SCOTT      ANALYST         7566 19-APR-87       3000                    20               
      7839 KING       PRESIDENT            17-NOV-81       5000                    10               
      7902 FORD       ANALYST         7566 03-DEC-81       3000                    20               

6 rows selected.

SQL> SET LINES 100 PAGES 100;
SQL> /

     EMPNO ENAME      JOB              MGR HIREDATE         SAL       COMM     DEPTNO               
---------- ---------- --------- ---------- --------- ---------- ---------- ----------               
      7566 JONES      MANAGER         7839 02-APR-81       2975                    20               
      7698 BLAKE      MANAGER         7839 01-MAY-81       2850                    30               
      7782 CLARK      MANAGER         7839 09-JUN-81       2450                    10               
      7788 SCOTT      ANALYST         7566 19-APR-87       3000                    20               
      7839 KING       PRESIDENT            17-NOV-81       5000                    10               
      7902 FORD       ANALYST         7566 03-DEC-81       3000                    20               

6 rows selected.

SQL> SPOOL OFF;
