SQL> Select count(*) from emp where Job not in 'PRESIDENT' Group by Deptno;

  COUNT(*)                                                                      
----------                                                                      
         6                                                                      
         5                                                                      
         2                                                                      

SQL> Select sum(Sal) From emp Group by Job;

  SUM(SAL)                                                                      
----------                                                                      
      4150                                                                      
      5600                                                                      
      5000                                                                      
      8275                                                                      
      6000                                                                      

SQL> Selct count(*),Deptno from emp where Job in 'MANAGER' Group by Deptno;
SP2-0734: unknown command beginning "Selct coun..." - rest of line ignored.
SQL> Select  Selct count(*),Deptno from emp where Job in 'MANAGER' Group by Deptno;
Select  Selct count(*),Deptno from emp where Job in 'MANAGER' Group by Deptno
                   *
ERROR at line 1:
ORA-00923: FROM keyword not found where expected 


SQL> Select count(*),Deptno from emp where Job in 'MANAGER' Group by Deptno;

  COUNT(*)     DEPTNO                                                           
---------- ----------                                                           
         1         30                                                           
         1         20                                                           
         1         10                                                           

SQL> Select avg(Sal),Deptno from emp  where Deptno not in 20 Group by Deptno;

  AVG(SAL)     DEPTNO                                                           
---------- ----------                                                           
1566.66667         30                                                           
2916.66667         10                                                           

SQL> Select count(*) from emp where Ename like'%A% Group by Job;
ERROR:
ORA-01756: quoted string not properly terminated 


SQL> Select count(*) from emp where Ename like'%A%' Group by Job;

  COUNT(*)                                                                      
----------                                                                      
         3                                                                      
         2                                                                      
         2                                                                      

SQL> Select count(*),avg(Sal) from emp where Sal>2000 Group by Deptno;

  COUNT(*)   AVG(SAL)                                                           
---------- ----------                                                           
         1       2850                                                           
         3 2991.66667                                                           
         2       3725                                                           

SQL> Select sum(Sal),count(*) from emp where Job in 'SALESMANS' Group by Deptno;

no rows selected

SQL> Select sum(Sal),count(*) from emp where Job in 'SALESMAN' Group by Deptno;

  SUM(SAL)   COUNT(*)                                                           
---------- ----------                                                           
      5600          4                                                           

SQL> Select count(*),max(SaL) FROM EMP Group by Job;

  COUNT(*)   MAX(SAL)                                                           
---------- ----------                                                           
         4       1300                                                           
         4       1600                                                           
         1       5000                                                           
         3       2975                                                           
         2       3000                                                           

SQL> Select max(Sal) from emp Group by Deptno;

  MAX(SAL)                                                                      
----------                                                                      
      2850                                                                      
      3000                                                                      
      5000                                                                      

SQL> Select count(Sal) From emp;

COUNT(SAL)                                                                      
----------                                                                      
        14                                                                      

SQL> Select count(*),Sal from Emp group by Sal;

  COUNT(*)        SAL                                                           
---------- ----------                                                           
         1       2450                                                           
         1       5000                                                           
         1       1300                                                           
         2       1250                                                           
         1       2850                                                           
         1       2975                                                           
         1       1100                                                           
         2       3000                                                           
         1        800                                                           
         1       1600                                                           
         1       1500                                                           

  COUNT(*)        SAL                                                           
---------- ----------                                                           
         1        950                                                           

12 rows selected.

SQL> Select count(*) from emp group by hiredate,deptno;

  COUNT(*)                                                                      
----------                                                                      
         1                                                                      
         1                                                                      
         1                                                                      
         1                                                                      
         1                                                                      
         1                                                                      
         1                                                                      
         1                                                                      
         1                                                                      
         1                                                                      
         1                                                                      

  COUNT(*)                                                                      
----------                                                                      
         1                                                                      
         1                                                                      
         1                                                                      

14 rows selected.

SQL>  Select count(*) from emp group by Sal,Deptno;

  COUNT(*)                                                                      
----------                                                                      
         1                                                                      
         1                                                                      
         1                                                                      
         2                                                                      
         1                                                                      
         2                                                                      
         1                                                                      
         1                                                                      
         1                                                                      
         1                                                                      
         1                                                                      

  COUNT(*)                                                                      
----------                                                                      
         1                                                                      

12 rows selected.

SQL>  Select count(*) from emp group by ename,Deptno;

  COUNT(*)                                                                      
----------                                                                       
         1                                                                      
         1                                                                      
         1                                                                      
         1                                                                      
         1                                                                      
         1                                                                      
         1                                                                      
         1                                                                      
         1                                                                      
         1                                                                      
         1                                                                      

  COUNT(*)                                                                      
----------                                                                      
         1                                                                      
         1                                                                      
         1                                                                      

14 rows selected.

SQL>  Select count(*),Sal,Deptno,ename from emp group by Sal,Deptno,ename;

  COUNT(*)        SAL     DEPTNO ENAME                                          
---------- ---------- ---------- ----------                                     
         1       2975         20 JONES                                          
         1       2850         30 BLAKE                                          
         1       3000         20 FORD                                           
         1       1300         10 MILLER                                         
         1       1250         30 MARTIN                                         
         1       5000         10 KING                                           
         1       2450         10 CLARK                                          
         1        950         30 JAMES                                          
         1        800         20 SMITH                                          
         1       1600         30 ALLEN                                          
         1       1250         30 WARD                                           

  COUNT(*)        SAL     DEPTNO ENAME                                          
---------- ---------- ---------- ----------                                     
         1       3000         20 SCOTT                                          
         1       1100         20 ADAMS                                          
         1       1500         30 TURNER                                         

14 rows selected.

SQL> Select count(*),Sal,Deptno,hiredate from emp group by Sal,Deptno,hiredate;

  COUNT(*)        SAL     DEPTNO HIREDATE                                       
---------- ---------- ---------- ---------                                      
         1       2450         10 09-JUN-81                                      
         1       1500         30 08-SEP-81                                      
         1       3000         20 03-DEC-81                                      
         1       2850         30 01-MAY-81                                      
         1       2975         20 02-APR-81                                      
         1        950         30 03-DEC-81                                      
         1       1600         30 20-FEB-81                                      
         1       1250         30 22-FEB-81                                      
         1       3000         20 19-APR-87                                      
         1        800         20 17-DEC-80                                      
         1       5000         10 17-NOV-81                                      

  COUNT(*)        SAL     DEPTNO HIREDATE                                       
---------- ---------- ---------- ---------                                      
         1       1100         20 23-MAY-87                                      
         1       1300         10 23-JAN-82                                      
         1       1250         30 28-SEP-81                                      

14 rows selected.

SQL> spool off
