SQL> --1
SQL> select ename,loc
  2  ;

*
ERROR at line 2:
ORA-00923: FROM keyword not found where expected 


SQL> select *
  2  from emp;

     EMPNO ENAME      JOB              MGR HIREDATE         SAL       COMM      
---------- ---------- --------- ---------- --------- ---------- ----------      
    DEPTNO                                                                      
----------                                                                      
      7369 SMITH      CLERK           7902 17-DEC-80        800                 
        20                                                                      
                                                                                
      7499 ALLEN      SALESMAN        7698 20-FEB-81       1600        300      
        30                                                                      
                                                                                
      7521 WARD       SALESMAN        7698 22-FEB-81       1250        500      
        30                                                                      
                                                                                

     EMPNO ENAME      JOB              MGR HIREDATE         SAL       COMM      
---------- ---------- --------- ---------- --------- ---------- ----------      
    DEPTNO                                                                      
----------                                                                      
      7566 JONES      MANAGER         7839 02-APR-81       2975                 
        20                                                                      
                                                                                
      7654 MARTIN     SALESMAN        7698 28-SEP-81       1250       1400      
        30                                                                      
                                                                                
      7698 BLAKE      MANAGER         7839 01-MAY-81       2850                 
        30                                                                      
                                                                                

     EMPNO ENAME      JOB              MGR HIREDATE         SAL       COMM      
---------- ---------- --------- ---------- --------- ---------- ----------      
    DEPTNO                                                                      
----------                                                                      
      7782 CLARK      MANAGER         7839 09-JUN-81       2450                 
        10                                                                      
                                                                                
      7788 SCOTT      ANALYST         7566 19-APR-87       3000                 
        20                                                                      
                                                                                
      7839 KING       PRESIDENT            17-NOV-81       5000                 
        10                                                                      
                                                                                

     EMPNO ENAME      JOB              MGR HIREDATE         SAL       COMM      
---------- ---------- --------- ---------- --------- ---------- ----------      
    DEPTNO                                                                      
----------                                                                      
      7844 TURNER     SALESMAN        7698 08-SEP-81       1500          0      
        30                                                                      
                                                                                
      7876 ADAMS      CLERK           7788 23-MAY-87       1100                 
        20                                                                      
                                                                                
      7900 JAMES      CLERK           7698 03-DEC-81        950                 
        30                                                                      
                                                                                

     EMPNO ENAME      JOB              MGR HIREDATE         SAL       COMM      
---------- ---------- --------- ---------- --------- ---------- ----------      
    DEPTNO                                                                      
----------                                                                      
      7902 FORD       ANALYST         7566 03-DEC-81       3000                 
        20                                                                      
                                                                                
      7934 MILLER     CLERK           7782 23-JAN-82       1300                 
        10                                                                      
                                                                                

14 rows selected.

SQL> select ename,loc
  2  from emp,dept
  3  where emp,deptno = dept.deptno;
where emp,deptno = dept.deptno
         *
ERROR at line 3:
ORA-00920: invalid relational operator 


SQL> select ename,loc
  2  from emp,dept
  3  where emp.deptno=dept.deptno;

ENAME      LOC                                                                  
---------- -------------                                                        
SMITH      DALLAS                                                               
ALLEN      CHICAGO                                                              
WARD       CHICAGO                                                              
JONES      DALLAS                                                               
MARTIN     CHICAGO                                                              
BLAKE      CHICAGO                                                              
CLARK      NEW YORK                                                             
SCOTT      DALLAS                                                               
KING       NEW YORK                                                             
TURNER     CHICAGO                                                              
ADAMS      DALLAS                                                               

ENAME      LOC                                                                  
---------- -------------                                                        
JAMES      CHICAGO                                                              
FORD       DALLAS                                                               
MILLER     NEW YORK                                                             

14 rows selected.

SQL> set lines 200 pages 100
SQL> /

ENAME      LOC                                                                                                                                                                                          
---------- -------------                                                                                                                                                                                
SMITH      DALLAS                                                                                                                                                                                       
ALLEN      CHICAGO                                                                                                                                                                                      
WARD       CHICAGO                                                                                                                                                                                      
JONES      DALLAS                                                                                                                                                                                       
MARTIN     CHICAGO                                                                                                                                                                                      
BLAKE      CHICAGO                                                                                                                                                                                      
CLARK      NEW YORK                                                                                                                                                                                     
SCOTT      DALLAS                                                                                                                                                                                       
KING       NEW YORK                                                                                                                                                                                     
TURNER     CHICAGO                                                                                                                                                                                      
ADAMS      DALLAS                                                                                                                                                                                       
JAMES      CHICAGO                                                                                                                                                                                      
FORD       DALLAS                                                                                                                                                                                       
MILLER     NEW YORK                                                                                                                                                                                     

14 rows selected.

SQL> --2
SQL> select dname,sal
  2  from emp,dept
  3  where (emp.deptno=dept.deptno) and job IN ('ACCOUNTING');

no rows selected

SQL> SELECT * FROM DEPT;

    DEPTNO DNAME          LOC                                                                                                                                                                           
---------- -------------- -------------                                                                                                                                                                 
        10 ACCOUNTING     NEW YORK                                                                                                                                                                      
        20 RESEARCH       DALLAS                                                                                                                                                                        
        30 SALES          CHICAGO                                                                                                                                                                       
        40 OPERATIONS     BOSTON                                                                                                                                                                        

SQL> select dname,sal
  2  from emp,dept
  3  where (emp.deptno=dept.deptno) and Dname IN ('ACCOUNTING');

DNAME                 SAL                                                                                                                                                                               
-------------- ----------                                                                                                                                                                               
ACCOUNTING           2450                                                                                                                                                                               
ACCOUNTING           5000                                                                                                                                                                               
ACCOUNTING           1300                                                                                                                                                                               

SQL> select ename,sal
  2  from emp,dept
  3  ;

ENAME             SAL                                                                                                                                                                                   
---------- ----------                                                                                                                                                                                   
SMITH             800                                                                                                                                                                                   
ALLEN            1600                                                                                                                                                                                   
WARD             1250                                                                                                                                                                                   
JONES            2975                                                                                                                                                                                   
MARTIN           1250                                                                                                                                                                                   
BLAKE            2850                                                                                                                                                                                   
CLARK            2450                                                                                                                                                                                   
SCOTT            3000                                                                                                                                                                                   
KING             5000                                                                                                                                                                                   
TURNER           1500                                                                                                                                                                                   
ADAMS            1100                                                                                                                                                                                   
JAMES             950                                                                                                                                                                                   
FORD             3000                                                                                                                                                                                   
MILLER           1300                                                                                                                                                                                   
SMITH             800                                                                                                                                                                                   
ALLEN            1600                                                                                                                                                                                   
WARD             1250                                                                                                                                                                                   
JONES            2975                                                                                                                                                                                   
MARTIN           1250                                                                                                                                                                                   
BLAKE            2850                                                                                                                                                                                   
CLARK            2450                                                                                                                                                                                   
SCOTT            3000                                                                                                                                                                                   
KING             5000                                                                                                                                                                                   
TURNER           1500                                                                                                                                                                                   
ADAMS            1100                                                                                                                                                                                   
JAMES             950                                                                                                                                                                                   
FORD             3000                                                                                                                                                                                   
MILLER           1300                                                                                                                                                                                   
SMITH             800                                                                                                                                                                                   
ALLEN            1600                                                                                                                                                                                   
WARD             1250                                                                                                                                                                                   
JONES            2975                                                                                                                                                                                   
MARTIN           1250                                                                                                                                                                                   
BLAKE            2850                                                                                                                                                                                   
CLARK            2450                                                                                                                                                                                   
SCOTT            3000                                                                                                                                                                                   
KING             5000                                                                                                                                                                                   
TURNER           1500                                                                                                                                                                                   
ADAMS            1100                                                                                                                                                                                   
JAMES             950                                                                                                                                                                                   
FORD             3000                                                                                                                                                                                   
MILLER           1300                                                                                                                                                                                   
SMITH             800                                                                                                                                                                                   
ALLEN            1600                                                                                                                                                                                   
WARD             1250                                                                                                                                                                                   
JONES            2975                                                                                                                                                                                   
MARTIN           1250                                                                                                                                                                                   
BLAKE            2850                                                                                                                                                                                   
CLARK            2450                                                                                                                                                                                   
SCOTT            3000                                                                                                                                                                                   
KING             5000                                                                                                                                                                                   
TURNER           1500                                                                                                                                                                                   
ADAMS            1100                                                                                                                                                                                   
JAMES             950                                                                                                                                                                                   
FORD             3000                                                                                                                                                                                   
MILLER           1300                                                                                                                                                                                   

56 rows selected.

SQL> --3
SQL> select dname,sal as annual sal
  2  from emp,dept
  3  where (emp.deptno=dept.deptno) AND (sal>2340);
select dname,sal as annual sal
                           *
ERROR at line 1:
ORA-00923: FROM keyword not found where expected 


SQL> --3
SQL> select dname,sal as "annual sal"
  2  from emp,dept
  3  where (emp.deptno=dept.deptno) and (sal>2340);

DNAME          annual sal                                                                                                                                                                               
-------------- ----------                                                                                                                                                                               
RESEARCH             2975                                                                                                                                                                               
SALES                2850                                                                                                                                                                               
ACCOUNTING           2450                                                                                                                                                                               
RESEARCH             3000                                                                                                                                                                               
ACCOUNTING           5000                                                                                                                                                                               
RESEARCH             3000                                                                                                                                                                               

6 rows selected.

SQL> --4
SQL> select ename,dname
  2  from emp,dept
  3  where (dname like '%A' ) and (emp.deptno=dept.deptno);

no rows selected

SQL> select ename,dname
  2  from emp,dept
  3  where (dname like '%A%') and (emp.deptno=dept.deptno);

ENAME      DNAME                                                                                                                                                                                        
---------- --------------                                                                                                                                                                               
SMITH      RESEARCH                                                                                                                                                                                     
ALLEN      SALES                                                                                                                                                                                        
WARD       SALES                                                                                                                                                                                        
JONES      RESEARCH                                                                                                                                                                                     
MARTIN     SALES                                                                                                                                                                                        
BLAKE      SALES                                                                                                                                                                                        
CLARK      ACCOUNTING                                                                                                                                                                                   
SCOTT      RESEARCH                                                                                                                                                                                     
KING       ACCOUNTING                                                                                                                                                                                   
TURNER     SALES                                                                                                                                                                                        
ADAMS      RESEARCH                                                                                                                                                                                     
JAMES      SALES                                                                                                                                                                                        
FORD       RESEARCH                                                                                                                                                                                     
MILLER     ACCOUNTING                                                                                                                                                                                   

14 rows selected.

SQL> --5
SQL> select ename,dname
  2  from emp,dept
  3  where (emp.deptno=dept.deptno) and JOB IN ('SALESMAN');

ENAME      DNAME                                                                                                                                                                                        
---------- --------------                                                                                                                                                                               
ALLEN      SALES                                                                                                                                                                                        
WARD       SALES                                                                                                                                                                                        
MARTIN     SALES                                                                                                                                                                                        
TURNER     SALES                                                                                                                                                                                        

SQL> --6
SQL> select dname,job
  2  from emp,dept
  3   where (emp.deptno=dept.deptno) and (dname like 'S%' and job like 'S%');

DNAME          JOB                                                                                                                                                                                      
-------------- ---------                                                                                                                                                                                
SALES          SALESMAN                                                                                                                                                                                 
SALES          SALESMAN                                                                                                                                                                                 
SALES          SALESMAN                                                                                                                                                                                 
SALES          SALESMAN                                                                                                                                                                                 

SQL> --7
SQL> select * from dept;

    DEPTNO DNAME          LOC                                                                                                                                                                           
---------- -------------- -------------                                                                                                                                                                 
        10 ACCOUNTING     NEW YORK                                                                                                                                                                      
        20 RESEARCH       DALLAS                                                                                                                                                                        
        30 SALES          CHICAGO                                                                                                                                                                       
        40 OPERATIONS     BOSTON                                                                                                                                                                        

SQL> --7
SQL> select * from mgr;
select * from mgr
              *
ERROR at line 1:
ORA-00942: table or view does not exist 


SQL> --7
SQL> select dname,mgr
  2  from emp,dept
  3  where (emp.deptno=dept.deptno) and (mgr in (7839));

DNAME                 MGR                                                                                                                                                                               
-------------- ----------                                                                                                                                                                               
RESEARCH             7839                                                                                                                                                                               
SALES                7839                                                                                                                                                                               
ACCOUNTING           7839                                                                                                                                                                               

SQL> --8
SQL> select dname,hiredate
  2  from emp,dept
  3  where  (emp.deptno=dept.deptno) and (hiredate = '%83' and (DNAME IN 'ACCOUNTING' OR DNAME IN 'RESEARCH');
where  (emp.deptno=dept.deptno) and (hiredate = '%83' and (DNAME IN 'ACCOUNTING' OR DNAME IN 'RESEARCH')
                                              *
ERROR at line 3:
ORA-00907: missing right parenthesis 


SQL> --8
SQL> select dname,hiredate
  2  from emp,dept
  3  where  (emp.deptno=dept.deptno) and (hiredate = '%83' and (DNAME IN 'ACCOUNTING' OR DNAME IN 'RESEARCH));
ERROR:
ORA-01756: quoted string not properly terminated 


SQL>  select dname,hiredate
  2   from emp,dept
  3   where  (emp.deptno=dept.deptno) and (hiredate = '%83' and (DNAME IN 'ACCOUNTING' OR DNAME IN 'RESEARCH'));
 where  (emp.deptno=dept.deptno) and (hiredate = '%83' and (DNAME IN 'ACCOUNTING' OR DNAME IN 'RESEARCH'))
                                                 *
ERROR at line 3:
ORA-01858: a non-numeric character was found where a numeric was expected 


SQL> --8
SQL>  select dname,hiredate
  2   from emp,dept
  3   where  (emp.deptno=dept.deptno) and (hiredate = '%83' and (DNAME IN 'ACCOUNTING' OR DNAME IN 'RESEARCH'));
 where  (emp.deptno=dept.deptno) and (hiredate = '%83' and (DNAME IN 'ACCOUNTING' OR DNAME IN 'RESEARCH'))
                                                 *
ERROR at line 3:
ORA-01858: a non-numeric character was found where a numeric was expected 


SQL>  --8
SQL>   select dname,hiredate
  2    from emp,dept
  3    where  (emp.deptno=dept.deptno) and (hiredate = '31-DEC-1983' and DNAME IN ('ACCOUNTING') AND DNAME IN 'RESEARCH');

no rows selected

SQL> --9
SQL> SELECT ENAME,DNAME
  2  FROM EMP,DEPT
  3   where  (emp.deptno=dept.deptno) and COMM IS NOT NULL AND DEPTNO IN 10 OR DEPTNO IN 30;
 where  (emp.deptno=dept.deptno) and COMM IS NOT NULL AND DEPTNO IN 10 OR DEPTNO IN 30
                                                                          *
ERROR at line 3:
ORA-00918: column ambiguously defined 


SQL>  --8
SQL>   select dname,hiredate
  2    from emp,dept
  3    where  (emp.deptno=dept.deptno) and (hiredate = '31-DEC-1983' and DNAME IN ('ACCOUNTING') AND DNAME IN 'RESEARCH');

no rows selected

SQL>  select dname,hiredate
  2   from emp,dept
  3   where  (emp.deptno=dept.deptno) and (hiredate> '31-DEC-1983' and DNAME IN ('ACCOUNTING') AND
  4  DNAME IN 'RESEARCH');

no rows selected

SQL> SELECT DNAME,HIREDATE
  2  FROM EMP,DEPT
  3  WHERE (emp.deptno=dept.deptno) and hiredate > '31-DEC-83' AND DNAME IN ('ACCOUNTING','RESEARCH');

DNAME          HIREDATE                                                                                                                                                                                 
-------------- ---------                                                                                                                                                                                
RESEARCH       19-APR-87                                                                                                                                                                                
RESEARCH       23-MAY-87                                                                                                                                                                                

SQL> --9
SQL> SELECT ENAME,DNAME
  2  FROM EMP,DEPT
  3    where  (emp.deptno=dept.deptno)
  4  AND COMM IS NOT NULL AND DEPTNO IN(10,30);
AND COMM IS NOT NULL AND DEPTNO IN(10,30)
                         *
ERROR at line 4:
ORA-00918: column ambiguously defined 


SQL> SELECT EMP.DEPTNO,ENAME,DNAME
  2  FROM EMP,DEPT
  3    where  (emp.deptno=dept.deptno)
  4  AND COMM IS NOT NULL AND DEPTNO IN(10,30);
AND COMM IS NOT NULL AND DEPTNO IN(10,30)
                         *
ERROR at line 4:
ORA-00918: column ambiguously defined 


SQL> --9
SQL> --9.WAQTD ENAME AND DNAME OF THE EMPLOYEES WHO ARE GETTING COMM
SQL> --IN DEPT 10 OR 30
SQL> SELECT ENAME,DNAME
  2  FROM EMP\\\\
  3  
SQL> SPOOL OFF;
