SQL> select * from emp;

     EMPNO ENAME      JOB              MGR HIREDATE         SAL       COMM      
---------- ---------- --------- ---------- --------- ---------- ----------      
    DEPTNO                                                                      
----------                                                                      
      7369 SMITH      CLERK           7902 17-DEC-80        800                 
        20                                                                      
                                                                                
      7499 ALLEN      SALESMAN        7698 20-FEB-81       1600        300      
        30                                                                      
                                                                                
      7521 WARD       SALESMAN        7698 22-FEB-81       1250        500      
        30                                                                      
                                                                                

     EMPNO ENAME      JOB              MGR HIREDATE         SAL       COMM      
---------- ---------- --------- ---------- --------- ---------- ----------      
    DEPTNO                                                                      
----------                                                                      
      7566 JONES      MANAGER         7839 02-APR-81       2975                 
        20                                                                      
                                                                                
      7654 MARTIN     SALESMAN        7698 28-SEP-81       1250       1400      
        30                                                                      
                                                                                
      7698 BLAKE      MANAGER         7839 01-MAY-81       2850                 
        30                                                                      
                                                                                

     EMPNO ENAME      JOB              MGR HIREDATE         SAL       COMM      
---------- ---------- --------- ---------- --------- ---------- ----------      
    DEPTNO                                                                      
----------                                                                      
      7782 CLARK      MANAGER         7839 09-JUN-81       2450                 
        10                                                                      
                                                                                
      7788 SCOTT      ANALYST         7566 19-APR-87       3000                 
        20                                                                      
                                                                                
      7839 KING       PRESIDENT            17-NOV-81       5000                 
        10                                                                      
                                                                                

     EMPNO ENAME      JOB              MGR HIREDATE         SAL       COMM      
---------- ---------- --------- ---------- --------- ---------- ----------      
    DEPTNO                                                                      
----------                                                                      
      7844 TURNER     SALESMAN        7698 08-SEP-81       1500          0      
        30                                                                      
                                                                                
      7876 ADAMS      CLERK           7788 23-MAY-87       1100                 
        20                                                                      
                                                                                
      7900 JAMES      CLERK           7698 03-DEC-81        950                 
        30                                                                      
                                                                                

     EMPNO ENAME      JOB              MGR HIREDATE         SAL       COMM      
---------- ---------- --------- ---------- --------- ---------- ----------      
    DEPTNO                                                                      
----------                                                                      
      7902 FORD       ANALYST         7566 03-DEC-81       3000                 
        20                                                                      
                                                                                
      7934 MILLER     CLERK           7782 23-JAN-82       1300                 
        10                                                                      
                                                                                

14 rows selected.

SQL> set lines 100 pages 100;
SQL> /

     EMPNO ENAME      JOB              MGR HIREDATE         SAL       COMM     DEPTNO               
---------- ---------- --------- ---------- --------- ---------- ---------- ----------               
      7369 SMITH      CLERK           7902 17-DEC-80        800                    20               
      7499 ALLEN      SALESMAN        7698 20-FEB-81       1600        300         30               
      7521 WARD       SALESMAN        7698 22-FEB-81       1250        500         30               
      7566 JONES      MANAGER         7839 02-APR-81       2975                    20               
      7654 MARTIN     SALESMAN        7698 28-SEP-81       1250       1400         30               
      7698 BLAKE      MANAGER         7839 01-MAY-81       2850                    30               
      7782 CLARK      MANAGER         7839 09-JUN-81       2450                    10               
      7788 SCOTT      ANALYST         7566 19-APR-87       3000                    20               
      7839 KING       PRESIDENT            17-NOV-81       5000                    10               
      7844 TURNER     SALESMAN        7698 08-SEP-81       1500          0         30               
      7876 ADAMS      CLERK           7788 23-MAY-87       1100                    20               
      7900 JAMES      CLERK           7698 03-DEC-81        950                    30               
      7902 FORD       ANALYST         7566 03-DEC-81       3000                    20               
      7934 MILLER     CLERK           7782 23-JAN-82       1300                    10               

14 rows selected.

SQL> -- 1.WAQTD NUMBER OF EMPLOYEES GETTING SALARY LESS THAN 2000 IN DEPTNO 10
SQL> select count(*)
  2  from emp
  3  where deptno=10 and sal<2000;

  COUNT(*)                                                                                          
----------                                                                                          
         1                                                                                          

SQL> --2.WAQTD TOTAL SALARY NEEDED TO PAY EMPLOYEES WORKING AS CLERK
SQL> select(sum)
  2  from emp
  3  where job ='CLERK';
select(sum)
       *
ERROR at line 1:
ORA-00904: "SUM": invalid identifier 


SQL> SELECT SUM(salary)
  2  FROM EMP
  3  WHERE JOB='CLERK';
SELECT SUM(salary)
           *
ERROR at line 1:
ORA-00904: "SALARY": invalid identifier 


SQL> SELECT SUM(sal)
  2  from emp
  3  where job='CLERK';

  SUM(SAL)                                                                                          
----------                                                                                          
      4150                                                                                          

SQL> --3.WAQTD AVERAGE SALARY NEEDED TO PAY ALL EMPLOYEES
SQL> SELECT AVG(sal)
  2  from emp;

  AVG(SAL)                                                                                          
----------                                                                                          
2073.21429                                                                                          

SQL> --4.WAQTD NUMBER OF EMPLOYEES HAVING 'A' AS THEIR FIRST CHARACTER 5.WAQTD NUMBER OF EMPLOYEES WORKING AS CLERK OR MANAGER
SQL> 
SQL> select count(*)
  2  from emp
  3  WHERE ename LIKE 'A%';

  COUNT(*)                                                                                          
----------                                                                                          
         2                                                                                          

SQL> --5.
SQL> --5.WAQTD NUMBER OF EMPLOYEES WORKING AS CLERK OR MANAGER
SQL> select count(*)
  2  from emp
  3  where job in('CLERK','MANAGER');

  COUNT(*)                                                                                          
----------                                                                                          
         7                                                                                          

SQL> --6. 6.WAQTD TOTAL SALARY NEEDED TO PAY EMPLOYEES HIRED IN FEB
SQL> SELECT SUM(SAL)
  2  FROM EMP
  3  WHERE TO_CHAR(HIREDATE,'MON')='FEB';

  SUM(SAL)                                                                                          
----------                                                                                          
      2850                                                                                          

SQL> --7. 7.WAQTD NUMBER OF EMPLOYEES REPORTING TO 7839 (MGR)
SQL> SELECT COUNT(*)
  2  FROM EMP
  3  WHERE MGR =7839;

  COUNT(*)                                                                                          
----------                                                                                          
         3                                                                                          

SQL> --8.8.WAQTD NUMBER OF EMPLOYEES GETTING COMISSION IN DEPTNO 30
SQL> SELECT COUNT(*)
  2  FROM EMP
  3  WHERE COMM IS NOT NULL AND DEPTNO=30;

  COUNT(*)                                                                                          
----------                                                                                          
         4                                                                                          

SQL> --9.9. WAQTD AVG SAL TOTAL SAL, NUMBER OF EMPS AND MAXIMUM SALARY GIVEN TO EMPLOYEES WORKING AS PERSIDENT
SQL> SELECT AVG(SAL),COUNT(*),SUM(SAL),MAX(SAL)
  2  FROM EMP
  3  WHERE JOB='PRESIDENT';

  AVG(SAL)   COUNT(*)   SUM(SAL)   MAX(SAL)                                                         
---------- ---------- ---------- ----------                                                         
      5000          1       5000       5000                                                         

SQL> --10. 10.WAQTD NUMBER OF EMPLOYEES HAVING 'A' IN THEIR NAMES
SQL> SELECT COUNT(*)
  2  FROM EMP
  3  WHERE ename LIKE '%A%';

  COUNT(*)                                                                                          
----------                                                                                          
         7                                                                                          

SQL> --11. 11.WAQTD NUMBER OF EMPS AND TOTAL SALARY NEEDED TO PAY THE EMPLOYEES WHO HAVE 2 CONSICUTIVE L's IN THEIR NAMES
SQL> SELECT COUNT(*), SUM(sal)
  2  FROM EMP
  3  WHERE ename LIKE '%LL%';

  COUNT(*)   SUM(SAL)                                                                               
---------- ----------                                                                               
         2       2900                                                                               

SQL> --12.  12.WAQTD NUMBER OF DEPARTMENTS PRESENT IN EMPLOYEE TABLE
SQL> SELECT COUNT(DISTINCT deptno)
  2  FROM EMP;

COUNT(DISTINCTDEPTNO)                                                                               
---------------------                                                                               
                    3                                                                               

SQL> --13.WAQTD NUMBER OF EMPLOYEES HAVING CHARACTER 'Z' IN THEIR NAMES
SQL> SELECT COUNT(*)
  2  FROM EMP
  3  WHERE ename LIKE '%Z%';

  COUNT(*)                                                                                          
----------                                                                                          
         0                                                                                          

SQL> --14.WAQTD NUMBER OF EMPLOYEES HAVING '$' IN THEIR NAMES
SQL> SELECT COUNT(*)
  2  FROM EMP
  3  WHERE ename LIKE '%$%';

  COUNT(*)                                                                                          
----------                                                                                          
         0                                                                                          

SQL> --15.WAQTD TOTAL SALARY GIVEN TO EMPLOYEES WORKING AS CLERK IN DEPT 30
SQL> SELECT SUM(sal)
  2  FROM emp
  3  WHERE job = 'CLERK' AND deptno = 30;

  SUM(SAL)                                                                                          
----------                                                                                          
       950                                                                                          

SQL> --16.WAQTD MAXIMUM SALARY GIVEN TO THE EMPLOYEES WORKING AS ANALYST.
SQL> SELECT MAX(sal)
  2  from emp;

  MAX(SAL)                                                                                          
----------                                                                                          
      5000                                                                                          

SQL> select max(Sal)
  2  from emp
  3  where job='analyst
  4  ';

  MAX(SAL)                                                                                          
----------                                                                                          
                                                                                                    

SQL> select max(sal)
  2  from emp
  3  where job='ANALYST';

  MAX(SAL)                                                                                          
----------                                                                                          
      3000                                                                                          

SQL> --17.WAQTD NUMBER OF DISTINCT SALARIES PRESENT IN EMPLOYEE TABLE
SQL> SELECT COUNT(DISTINCT,SAL)]
  2  FROM EMP;
SELECT COUNT(DISTINCT,SAL)]
                     *
ERROR at line 1:
ORA-00936: missing expression 


SQL> SELECT COUNT(DISTINCT,SAL)
  2  FROM EMP;
SELECT COUNT(DISTINCT,SAL)
                     *
ERROR at line 1:
ORA-00936: missing expression 


SQL> --17.17.WAQTD NUMBER OF DISTINCT SALARIES PRESENT IN EMPLOYEE TABLE
SQL> SELECT COUNT(DISTINCT sal)
  2  from emp;

COUNT(DISTINCTSAL)                                                                                  
------------------                                                                                  
                12                                                                                  

SQL> --18 18.WAQTD NUMBER OF JOBS PRESENT IN EMPLOYEE TABLE
SQL> select count(distinct,JOB)
  2  FROM EMP;
select count(distinct,JOB)
                     *
ERROR at line 1:
ORA-00936: missing expression 


SQL> SELECT COUNT(DISTINCT JOB)
  2  FROM EMP;

COUNT(DISTINCTJOB)                                                                                  
------------------                                                                                  
                 5                                                                                  

SQL> --19. 19.WATQD AVG SALARY GIVEN TO THE CLERK
SQL> SELECT AVG(SAL)
  2  FROM EMP
  3  WHERE JOB='CLERK';

  AVG(SAL)                                                                                          
----------                                                                                          
    1037.5                                                                                          

SQL> --20.20.WAQTD MINIMUM SALARY GIVEN TO THE EMPLOYEES WHO WORK IN DEPT 10 AS MANAGER OR A CLERK
SQL> SELECT MIN(SAL)
  2  FROM EMP
  3  WHERE DEPTN0=10 AND JOB IN ('MANAGER','CLERK');
WHERE DEPTN0=10 AND JOB IN ('MANAGER','CLERK')
      *
ERROR at line 3:
ORA-00904: "DEPTN0": invalid identifier 


SQL> SELECT MIN(SAL)
  2  FROM EMP
  3  WHERE deptno = 10 AND job IN ('MANAGER', 'CLERK');

  MIN(SAL)                                                                                          
----------                                                                                          
      1300                                                                                          

SQL> SPOOL OFF;
