SQL> 
SQL> -- WAQTD DETAILS OF THE EMPLOYEE WORKING AS CLERK AND EARNING LESS THAN 1500.
SQL> SELECT * FROM EMP
  2  WHERE JOB='CLERK' and sal<1500;

     EMPNO ENAME      JOB              MGR HIREDATE         SAL       COMM      
---------- ---------- --------- ---------- --------- ---------- ----------      
    DEPTNO                                                                      
----------                                                                      
      7369 SMITH      CLERK           7902 17-DEC-80        800                 
        20                                                                      
                                                                                
      7876 ADAMS      CLERK           7788 23-MAY-87       1100                 
        20                                                                      
                                                                                
      7900 JAMES      CLERK           7698 03-DEC-81        950                 
        30                                                                      
                                                                                

     EMPNO ENAME      JOB              MGR HIREDATE         SAL       COMM      
---------- ---------- --------- ---------- --------- ---------- ----------      
    DEPTNO                                                                      
----------                                                                      
      7934 MILLER     CLERK           7782 23-JAN-82       1300                 
        10                                                                      
                                                                                

SQL> set lines 200 pages 100;
SQL> /

     EMPNO ENAME      JOB              MGR HIREDATE         SAL       COMM     DEPTNO                                                                                                                   
---------- ---------- --------- ---------- --------- ---------- ---------- ----------                                                                                                                   
      7369 SMITH      CLERK           7902 17-DEC-80        800                    20                                                                                                                   
      7876 ADAMS      CLERK           7788 23-MAY-87       1100                    20                                                                                                                   
      7900 JAMES      CLERK           7698 03-DEC-81        950                    30                                                                                                                   
      7934 MILLER     CLERK           7782 23-JAN-82       1300                    10                                                                                                                   

SQL> -- waqtd name and hiredate of the employees working as manager in dept 30.
SQL> select ename,hiredate
  2  from emp
  3  where job='MANAGER' AND deptno=30;

ENAME      HIREDATE                                                                                                                                                                                     
---------- ---------                                                                                                                                                                                    
BLAKE      01-MAY-81                                                                                                                                                                                    

SQL> -- waqtd details of the emp along with their annual salary if they are working in dept 30 as salesman and their annualsalary has to be greater than 14000.
SQL> select * from emp
  2  from emp
  3  ;
from emp
*
ERROR at line 2:
ORA-00933: SQL command not properly ended 


SQL> select * from emp,sal*12
  2  from emp
  3  where deptno=30 and job='SALESMAN' and sal*12>14000;
select * from emp,sal*12
                     *
ERROR at line 1:
ORA-00933: SQL command not properly ended 


SQL> select *.emp,sal*12
  2  where deptno=30 and job='SALESMAN' and sal*12>14000;
select *.emp,sal*12
        *
ERROR at line 1:
ORA-00923: FROM keyword not found where expected 


SQL> -- waqtd all the details of the emp working in dept30 or as analyst.
SQL> -- 4
SQL> select * from emp
  2  from emp
  3  where deptno=30 or job='ANALYST';
from emp
*
ERROR at line 2:
ORA-00933: SQL command not properly ended 


SQL> SELECT *
  2  FROM EMP
  3  WHERE deptno=30 or job='ANALYST';

     EMPNO ENAME      JOB              MGR HIREDATE         SAL       COMM     DEPTNO                                                                                                                   
---------- ---------- --------- ---------- --------- ---------- ---------- ----------                                                                                                                   
      7499 ALLEN      SALESMAN        7698 20-FEB-81       1600        300         30                                                                                                                   
      7521 WARD       SALESMAN        7698 22-FEB-81       1250        500         30                                                                                                                   
      7654 MARTIN     SALESMAN        7698 28-SEP-81       1250       1400         30                                                                                                                   
      7698 BLAKE      MANAGER         7839 01-MAY-81       2850                    30                                                                                                                   
      7788 SCOTT      ANALYST         7566 19-APR-87       3000                    20                                                                                                                   
      7844 TURNER     SALESMAN        7698 08-SEP-81       1500          0         30                                                                                                                   
      7900 JAMES      CLERK           7698 03-DEC-81        950                    30                                                                                                                   
      7902 FORD       ANALYST         7566 03-DEC-81       3000                    20                                                                                                                   

8 rows selected.

SQL> -- 5 WAQTD NAMES OF THE EMPLOYEES WHOSE SALARY IS LESS THAN 1100 AND THEIR DESIGNATION IS CLERK.
SQL> SELECT ENAME,SAL
  2  FROM EMP
  3  WHERE SAL<1100 and job='CLERK';

ENAME             SAL                                                                                                                                                                                   
---------- ----------                                                                                                                                                                                   
SMITH             800                                                                                                                                                                                   
JAMES             950                                                                                                                                                                                   

SQL> -- 6 WAQTD NAME AND SAL, ANNUAL SAL AND DEPTNO IF DEPTNO IS 20 EARNING MORE THAN 1100.
SQL> SELECT ENAME,SAL,SAL*12,DEPTNO
  2  FROM EMP
  3  WHERE DEPTNO=20 AND SAL>1100;

ENAME             SAL     SAL*12     DEPTNO                                                                                                                                                             
---------- ---------- ---------- ----------                                                                                                                                                             
JONES            2975      35700         20                                                                                                                                                             
SCOTT            3000      36000         20                                                                                                                                                             
FORD             3000      36000         20                                                                                                                                                             

SQL> -- AND ANNUAL SALARY EXCEEDS 12000
SQL> SELECT ENAME,SAL,SAL*12,DEPTNO
  2  FROM EMP
  3  WHERE DEPTNO=20 AND SAL>1100 AND SAL*12>12000;

ENAME             SAL     SAL*12     DEPTNO                                                                                                                                                             
---------- ---------- ---------- ----------                                                                                                                                                             
JONES            2975      35700         20                                                                                                                                                             
SCOTT            3000      36000         20                                                                                                                                                             
FORD             3000      36000         20                                                                                                                                                             

SQL> -- WAQTD EMPNO AND NAMES OF TYHE EMPLOYEES WORKING AS MANAGER IN DEPT 20.
SQL> SELECT EMPNO,ENAME,EMP
  2  FROM EMP
  3  WHERE JOB='MANAGER' AND DEPTNO=20;
SELECT EMPNO,ENAME,EMP
                   *
ERROR at line 1:
ORA-00904: "EMP": invalid identifier 


SQL> SELECT EMPNO,ENAME
  2  FROM EMP
  3  WHERE JOB='MANAGER' AND DEPTNO=20;

     EMPNO ENAME                                                                                                                                                                                        
---------- ----------                                                                                                                                                                                   
      7566 JONES                                                                                                                                                                                        

SQL> --3 WAQTD DETAILS OF THE EMP ALONG WITH ANNUAL SALARY IF THEY ARE WORKING IN DEPT 30 AS SALESMAN AND THEIR ANNUAL SALARY HAS TO BE GREATER THAN 14000.
SQL> SELECT * FROM EMP
  2  WHERE DEPTN0=30 AND JOB='SALESMAN' AND SAL*12>14000;
WHERE DEPTN0=30 AND JOB='SALESMAN' AND SAL*12>14000
      *
ERROR at line 2:
ORA-00904: "DEPTN0": invalid identifier 


SQL> SELECT * FROM DEPT;

    DEPTNO DNAME          LOC                                                                                                                                                                           
---------- -------------- -------------                                                                                                                                                                 
        10 ACCOUNTING     NEW YORK                                                                                                                                                                      
        20 RESEARCH       DALLAS                                                                                                                                                                        
        30 SALES          CHICAGO                                                                                                                                                                       
        40 OPERATIONS     BOSTON                                                                                                                                                                        

SQL> SELECT * FROM EMP
  2  ;

     EMPNO ENAME      JOB              MGR HIREDATE         SAL       COMM     DEPTNO                                                                                                                   
---------- ---------- --------- ---------- --------- ---------- ---------- ----------                                                                                                                   
      7369 SMITH      CLERK           7902 17-DEC-80        800                    20                                                                                                                   
      7499 ALLEN      SALESMAN        7698 20-FEB-81       1600        300         30                                                                                                                   
      7521 WARD       SALESMAN        7698 22-FEB-81       1250        500         30                                                                                                                   
      7566 JONES      MANAGER         7839 02-APR-81       2975                    20                                                                                                                   
      7654 MARTIN     SALESMAN        7698 28-SEP-81       1250       1400         30                                                                                                                   
      7698 BLAKE      MANAGER         7839 01-MAY-81       2850                    30                                                                                                                   
      7782 CLARK      MANAGER         7839 09-JUN-81       2450                    10                                                                                                                   
      7788 SCOTT      ANALYST         7566 19-APR-87       3000                    20                                                                                                                   
      7839 KING       PRESIDENT            17-NOV-81       5000                    10                                                                                                                   
      7844 TURNER     SALESMAN        7698 08-SEP-81       1500          0         30                                                                                                                   
      7876 ADAMS      CLERK           7788 23-MAY-87       1100                    20                                                                                                                   
      7900 JAMES      CLERK           7698 03-DEC-81        950                    30                                                                                                                   
      7902 FORD       ANALYST         7566 03-DEC-81       3000                    20                                                                                                                   
      7934 MILLER     CLERK           7782 23-JAN-82       1300                    10                                                                                                                   

14 rows selected.

SQL> SELECT EMP.*,SAL*12 AS ANNUAL
  2  FROM EMP
  3  WHERE DEPTNO=30 AND JOB='SALESMAN' AND SAL*12>14000;

     EMPNO ENAME      JOB              MGR HIREDATE         SAL       COMM     DEPTNO     ANNUAL                                                                                                        
---------- ---------- --------- ---------- --------- ---------- ---------- ---------- ----------                                                                                                        
      7499 ALLEN      SALESMAN        7698 20-FEB-81       1600        300         30      19200                                                                                                        
      7521 WARD       SALESMAN        7698 22-FEB-81       1250        500         30      15000                                                                                                        
      7654 MARTIN     SALESMAN        7698 28-SEP-81       1250       1400         30      15000                                                                                                        
      7844 TURNER     SALESMAN        7698 08-SEP-81       1500          0         30      18000                                                                                                        

SQL> --11.
SQL> SELECT ENAME,DEPTNO,JOB
  2  FROM EMP
  3  WHERE JOB='CLERK' AND (DEPTNO=10 OR DEPTNO=20);

ENAME          DEPTNO JOB                                                                                                                                                                               
---------- ---------- ---------                                                                                                                                                                         
SMITH              20 CLERK                                                                                                                                                                             
ADAMS              20 CLERK                                                                                                                                                                             
MILLER             10 CLERK                                                                                                                                                                             

SQL> -- 8 WAQTD DETAILS OF THE EMPLOYEE WORKING IN DEPT 20 OR 30.
SQL> SELECT * FROM EMP
  2  WHERE DEPTN0=20 OR DEPTNO=30;
WHERE DEPTN0=20 OR DEPTNO=30
      *
ERROR at line 2:
ORA-00904: "DEPTN0": invalid identifier 


SQL> SELECT * FROM EMP
  2  WHERE (DEPTNO=20 OR DEPTNO=30);

     EMPNO ENAME      JOB              MGR HIREDATE         SAL       COMM     DEPTNO                                                                                                                   
---------- ---------- --------- ---------- --------- ---------- ---------- ----------                                                                                                                   
      7369 SMITH      CLERK           7902 17-DEC-80        800                    20                                                                                                                   
      7499 ALLEN      SALESMAN        7698 20-FEB-81       1600        300         30                                                                                                                   
      7521 WARD       SALESMAN        7698 22-FEB-81       1250        500         30                                                                                                                   
      7566 JONES      MANAGER         7839 02-APR-81       2975                    20                                                                                                                   
      7654 MARTIN     SALESMAN        7698 28-SEP-81       1250       1400         30                                                                                                                   
      7698 BLAKE      MANAGER         7839 01-MAY-81       2850                    30                                                                                                                   
      7788 SCOTT      ANALYST         7566 19-APR-87       3000                    20                                                                                                                   
      7844 TURNER     SALESMAN        7698 08-SEP-81       1500          0         30                                                                                                                   
      7876 ADAMS      CLERK           7788 23-MAY-87       1100                    20                                                                                                                   
      7900 JAMES      CLERK           7698 03-DEC-81        950                    30                                                                                                                   
      7902 FORD       ANALYST         7566 03-DEC-81       3000                    20                                                                                                                   

11 rows selected.

SQL> --9 WAQTD DETAILS OF THE EMPLOYEES WORKING AS ANALYST IN DEPT 10.
SQL> SELECT * FROM EMP
  2  WHERE JOB='ANALYST' AND DEPTNO=10;

no rows selected

SQL> --10. WAQTD DETAILS OF THE EMPLOYEE WORKING AS PRESIDENT WITH SALARY OF RUPEES 4000.
SQL> SELECT * FROM EMP
  2  JOB='PRESIDENT'AND SAL=4000;
JOB='PRESIDENT'AND SAL=4000
   *
ERROR at line 2:
ORA-00933: SQL command not properly ended 


SQL> SELECT *
  2  FROM EMP
  3  WHERE JOB='PRESIDENT' AND SAL =4000;

no rows selected

SQL> SELECT * FROM EMP;

     EMPNO ENAME      JOB              MGR HIREDATE         SAL       COMM     DEPTNO                                                                                                                   
---------- ---------- --------- ---------- --------- ---------- ---------- ----------                                                                                                                   
      7369 SMITH      CLERK           7902 17-DEC-80        800                    20                                                                                                                   
      7499 ALLEN      SALESMAN        7698 20-FEB-81       1600        300         30                                                                                                                   
      7521 WARD       SALESMAN        7698 22-FEB-81       1250        500         30                                                                                                                   
      7566 JONES      MANAGER         7839 02-APR-81       2975                    20                                                                                                                   
      7654 MARTIN     SALESMAN        7698 28-SEP-81       1250       1400         30                                                                                                                   
      7698 BLAKE      MANAGER         7839 01-MAY-81       2850                    30                                                                                                                   
      7782 CLARK      MANAGER         7839 09-JUN-81       2450                    10                                                                                                                   
      7788 SCOTT      ANALYST         7566 19-APR-87       3000                    20                                                                                                                   
      7839 KING       PRESIDENT            17-NOV-81       5000                    10                                                                                                                   
      7844 TURNER     SALESMAN        7698 08-SEP-81       1500          0         30                                                                                                                   
      7876 ADAMS      CLERK           7788 23-MAY-87       1100                    20                                                                                                                   
      7900 JAMES      CLERK           7698 03-DEC-81        950                    30                                                                                                                   
      7902 FORD       ANALYST         7566 03-DEC-81       3000                    20                                                                                                                   
      7934 MILLER     CLERK           7782 23-JAN-82       1300                    10                                                                                                                   

14 rows selected.

SQL> --12.WAQTD DETAILS OF THE EMPLOYEES WORKING AS CLERK OR MANAGER IN DEPT 10.
SQL> SELECT * FROM EMP
  2  WHERE JOB='CLERK' OR JOB='MANAGER' AND (DEPTN0=10);
WHERE JOB='CLERK' OR JOB='MANAGER' AND (DEPTN0=10)
                                        *
ERROR at line 2:
ORA-00904: "DEPTN0": invalid identifier 


SQL> SELECT * FROM EMP
  2  WHERE (JOB='CLERK' OR JOB='MANAGER')AND DEPTNO=10;

     EMPNO ENAME      JOB              MGR HIREDATE         SAL       COMM     DEPTNO                                                                                                                   
---------- ---------- --------- ---------- --------- ---------- ---------- ----------                                                                                                                   
      7782 CLARK      MANAGER         7839 09-JUN-81       2450                    10                                                                                                                   
      7934 MILLER     CLERK           7782 23-JAN-82       1300                    10                                                                                                                   

SQL> -- 13 WAQTD NAMES OF THE EMPLOYEES WORKING IN DEPT 10,20,30,40.
SQL> SELECT ENAME
  2  FROM EMP
  3  WHERE (DEPTNO=10 OR DEPTNO=20 OR DEPTNO=30 OR DEPTNO=40);

ENAME                                                                                                                                                                                                   
----------                                                                                                                                                                                              
SMITH                                                                                                                                                                                                   
ALLEN                                                                                                                                                                                                   
WARD                                                                                                                                                                                                    
JONES                                                                                                                                                                                                   
MARTIN                                                                                                                                                                                                  
BLAKE                                                                                                                                                                                                   
CLARK                                                                                                                                                                                                   
SCOTT                                                                                                                                                                                                   
KING                                                                                                                                                                                                    
TURNER                                                                                                                                                                                                  
ADAMS                                                                                                                                                                                                   
JAMES                                                                                                                                                                                                   
FORD                                                                                                                                                                                                    
MILLER                                                                                                                                                                                                  

14 rows selected.

SQL> -- 14 WAQTD DETAILS OF THE EMPLOYEES WITH EMPNO 7902,7839.
SQL> SELECT * FROM EMP
  2  WHERE EMPNO=7902 AND EMPNO=7839;

no rows selected

SQL> -- WAQTD DETAILS OF THE EMPLOYEES WORKING AS MANAGER OR SALESMAN OR CLERK.
SQL> SELECT * FROM EMP
  2  WHERE JOB='MANAGER' OR JOB='SALESMAN' OR JOB='CLERK';

     EMPNO ENAME      JOB              MGR HIREDATE         SAL       COMM     DEPTNO                                                                                                                   
---------- ---------- --------- ---------- --------- ---------- ---------- ----------                                                                                                                   
      7369 SMITH      CLERK           7902 17-DEC-80        800                    20                                                                                                                   
      7499 ALLEN      SALESMAN        7698 20-FEB-81       1600        300         30                                                                                                                   
      7521 WARD       SALESMAN        7698 22-FEB-81       1250        500         30                                                                                                                   
      7566 JONES      MANAGER         7839 02-APR-81       2975                    20                                                                                                                   
      7654 MARTIN     SALESMAN        7698 28-SEP-81       1250       1400         30                                                                                                                   
      7698 BLAKE      MANAGER         7839 01-MAY-81       2850                    30                                                                                                                   
      7782 CLARK      MANAGER         7839 09-JUN-81       2450                    10                                                                                                                   
      7844 TURNER     SALESMAN        7698 08-SEP-81       1500          0         30                                                                                                                   
      7876 ADAMS      CLERK           7788 23-MAY-87       1100                    20                                                                                                                   
      7900 JAMES      CLERK           7698 03-DEC-81        950                    30                                                                                                                   
      7934 MILLER     CLERK           7782 23-JAN-82       1300                    10                                                                                                                   

11 rows selected.

SQL> --16. WAQTD NAMES OF EMPLOYEES HIRED AFTER 81 AND BEFORE 87.
SQL> SELECT ENAME,HIREDATE
  2  FROM EMP
  3  WHERE HIREDATE>'01-JAN-81' and HIREDATE <'01-DEC-87';

ENAME      HIREDATE                                                                                                                                                                                     
---------- ---------                                                                                                                                                                                    
ALLEN      20-FEB-81                                                                                                                                                                                    
WARD       22-FEB-81                                                                                                                                                                                    
JONES      02-APR-81                                                                                                                                                                                    
MARTIN     28-SEP-81                                                                                                                                                                                    
BLAKE      01-MAY-81                                                                                                                                                                                    
CLARK      09-JUN-81                                                                                                                                                                                    
SCOTT      19-APR-87                                                                                                                                                                                    
KING       17-NOV-81                                                                                                                                                                                    
TURNER     08-SEP-81                                                                                                                                                                                    
ADAMS      23-MAY-87                                                                                                                                                                                    
JAMES      03-DEC-81                                                                                                                                                                                    
FORD       03-DEC-81                                                                                                                                                                                    
MILLER     23-JAN-82                                                                                                                                                                                    

13 rows selected.

SQL> SELECT ENAME,HIREDATE
  2  FROM EMP
  3  WHERE HIREDATE>'01-JAN-81' AND HIREDATE<'01-JAN-87';

ENAME      HIREDATE                                                                                                                                                                                     
---------- ---------                                                                                                                                                                                    
ALLEN      20-FEB-81                                                                                                                                                                                    
WARD       22-FEB-81                                                                                                                                                                                    
JONES      02-APR-81                                                                                                                                                                                    
MARTIN     28-SEP-81                                                                                                                                                                                    
BLAKE      01-MAY-81                                                                                                                                                                                    
CLARK      09-JUN-81                                                                                                                                                                                    
KING       17-NOV-81                                                                                                                                                                                    
TURNER     08-SEP-81                                                                                                                                                                                    
JAMES      03-DEC-81                                                                                                                                                                                    
FORD       03-DEC-81                                                                                                                                                                                    
MILLER     23-JAN-82                                                                                                                                                                                    

11 rows selected.

SQL> --17.
SQL> WAQTD DETAILS OF THE EMPLOYEES EARNING MORE THAN 1250 BUT LESS THAN 3000.
SP2-0734: unknown command beginning "WAQTD DETA..." - rest of line ignored.
SQL> --17. WAQTD DETAILS OF THE EMPLOYEES EARNING MORE THAN 1250 BUT LESS THAN 3000.
SQL> SELECT * FROM EMP
  2  WHERE SAL>1250 and SAL<3000;

     EMPNO ENAME      JOB              MGR HIREDATE         SAL       COMM     DEPTNO                                                                                                                   
---------- ---------- --------- ---------- --------- ---------- ---------- ----------                                                                                                                   
      7499 ALLEN      SALESMAN        7698 20-FEB-81       1600        300         30                                                                                                                   
      7566 JONES      MANAGER         7839 02-APR-81       2975                    20                                                                                                                   
      7698 BLAKE      MANAGER         7839 01-MAY-81       2850                    30                                                                                                                   
      7782 CLARK      MANAGER         7839 09-JUN-81       2450                    10                                                                                                                   
      7844 TURNER     SALESMAN        7698 08-SEP-81       1500          0         30                                                                                                                   
      7934 MILLER     CLERK           7782 23-JAN-82       1300                    10                                                                                                                   

6 rows selected.

SQL> --18. WAQTD NAMES OF THE EMPLOYEES HIRED AFTER 81 INTO DEPT10 OR 30.
SQL> SELECT ENAME,HIREDATE
  2  FROM EMP
  3  WHERE HIREDATE> '01-JAN-81' AND (DEPTN0=10 OR DEPTNO=30);
WHERE HIREDATE> '01-JAN-81' AND (DEPTN0=10 OR DEPTNO=30)
                                 *
ERROR at line 3:
ORA-00904: "DEPTN0": invalid identifier 


SQL> SELECT ENAME,HIREDATE
  2  FROM EMP
  3  WHERE (HIREDATE>'01-JAN-81') AND (DEPTNO=10 OR DEPTNO =30);

ENAME      HIREDATE                                                                                                                                                                                     
---------- ---------                                                                                                                                                                                    
ALLEN      20-FEB-81                                                                                                                                                                                    
WARD       22-FEB-81                                                                                                                                                                                    
MARTIN     28-SEP-81                                                                                                                                                                                    
BLAKE      01-MAY-81                                                                                                                                                                                    
CLARK      09-JUN-81                                                                                                                                                                                    
KING       17-NOV-81                                                                                                                                                                                    
TURNER     08-SEP-81                                                                                                                                                                                    
JAMES      03-DEC-81                                                                                                                                                                                    
MILLER     23-JAN-82                                                                                                                                                                                    

9 rows selected.

SQL>  SELECT ENAME,HIREDATE
  2   FROM EMP
  3  WHERE HIREDATE>'01-JAN-81' AND (DEPTNO=10 OR DEPTNO =30);

ENAME      HIREDATE                                                                                                                                                                                     
---------- ---------                                                                                                                                                                                    
ALLEN      20-FEB-81                                                                                                                                                                                    
WARD       22-FEB-81                                                                                                                                                                                    
MARTIN     28-SEP-81                                                                                                                                                                                    
BLAKE      01-MAY-81                                                                                                                                                                                    
CLARK      09-JUN-81                                                                                                                                                                                    
KING       17-NOV-81                                                                                                                                                                                    
TURNER     08-SEP-81                                                                                                                                                                                    
JAMES      03-DEC-81                                                                                                                                                                                    
MILLER     23-JAN-82                                                                                                                                                                                    

9 rows selected.

SQL> -- 19 WAQTD NAMES OF THE EMPLOYEES ALONG WITH THEIR ANNUAL SALARY FOR THE EMPLOYEES WORKING AS MANAGER OR CLERK INTO DEPT 10 OR 30.
SQL> 
SQL> SELECT ENAME,SAL*12
  2  FROM EMP
  3  WHERE (JOB='MANAGER' OR JOB='CLERK') AND (DEPTNO=10 OR DEPTNO=30);

ENAME          SAL*12                                                                                                                                                                                   
---------- ----------                                                                                                                                                                                   
BLAKE           34200                                                                                                                                                                                   
CLARK           29400                                                                                                                                                                                   
JAMES           11400                                                                                                                                                                                   
MILLER          15600                                                                                                                                                                                   

SQL> -- 20 WAQTD ALL THE DETAILS ALONG WITH THE ANNUAL SALARY IF SAL IS BETWEEN 1000 AND 4000 AND ANNUAL SALARY MORE THAN 15000.
SQL> 
SQL> SELECT EMP.* ,SAL,SAL*12 AS 'ANNUAL_SALARY'
  2  FROM EMP
  3  WHERE (1000<=SAL<=4000) AND (SAL*12>15000);
SELECT EMP.* ,SAL,SAL*12 AS 'ANNUAL_SALARY'
                            *
ERROR at line 1:
ORA-00923: FROM keyword not found where expected 


SQL> SELECT EMP.*,SAL*12 AS 'ANNUAL_SALARY'
  2  FROM EMP
  3  WHERE (1000<=SAL<=4000) AND (SAL*12>15000);
SELECT EMP.*,SAL*12 AS 'ANNUAL_SALARY'
                       *
ERROR at line 1:
ORA-00923: FROM keyword not found where expected 


SQL> SELECT EMP.*,SAL*12 FROM EMP
  2  WHERE (1000<=SAL<=4000) AND (SAL*12>15000);
WHERE (1000<=SAL<=4000) AND (SAL*12>15000)
           *
ERROR at line 2:
ORA-00907: missing right parenthesis 


SQL> 
SQL> SELECT EMP.*,SAL*12 FROM EMP
  2  WHERE ((1000<=SAL<=4000) AND (SAL*12>15000));
WHERE ((1000<=SAL<=4000) AND (SAL*12>15000))
            *
ERROR at line 2:
ORA-00907: missing right parenthesis 


SQL> SELECT EMP.*,SAL*12 AS 'ANNUAL_SALARY'
  2  FROM EMP
  3  WHERE (1000<=SAL<=4000) AND SAL*12>15000;
SELECT EMP.*,SAL*12 AS 'ANNUAL_SALARY'
                       *
ERROR at line 1:
ORA-00923: FROM keyword not found where expected 


SQL> SELECT EMP.*,SAL*12 FROM EMP WHERE(1000<=SAL<=4000) AND (SAL*12>15000);
SELECT EMP.*,SAL*12 FROM EMP WHERE(1000<=SAL<=4000) AND (SAL*12>15000)
                                       *
ERROR at line 1:
ORA-00907: missing right parenthesis 


SQL> SELECT EMP.*,SAL*12
  2  FROM EMP
  3  WHERE SAL<1000 AND SAL>4000 AND SAL*12>15000;

no rows selected

SQL> SELECT EMP.*,SAL*12
  2  FROM EMP
  3  WHERE SAL<1000 AND SAL>4000 AND SAL*12<15000;

no rows selected

SQL> -- CORRECTION
SQL> SELECT EMP.*,SAL*12
  2  FROM EMP
  3   WHERE SAL<1000 AND SAL>4000 AND SAL*12<15000
  4  ;

no rows selected

SQL>  SELECT EMP.*,SAL*12
  2   FROM EMP
  3    WHERE SAL<1000 AND SAL>4000 AND SAL*12<15000
  4   ;

no rows selected

SQL> SELECT EMP.*,SAL*12
  2  FROM EMP
  3  WHERE SAL>1000 AND SAL<4000 AND SAL*12<15000;

     EMPNO ENAME      JOB              MGR HIREDATE         SAL       COMM     DEPTNO     SAL*12                                                                                                        
---------- ---------- --------- ---------- --------- ---------- ---------- ---------- ----------                                                                                                        
      7876 ADAMS      CLERK           7788 23-MAY-87       1100                    20      13200                                                                                                        

SQL> SPOOL OFF;
