SQL> --1.WAQTD NAME OF THE EMPLOYEES EARNING MORE THAN ADAMS
SQL> SELECT ENAME
  2  FROM EMP
  3  WHERE SAL>(SELECT SAL
  4  FROM EMP
  5  WHERE ENAME='ADAMS');

ENAME                                                                           
----------                                                                      
ALLEN                                                                           
WARD                                                                            
JONES                                                                           
MARTIN                                                                          
BLAKE                                                                           
CLARK                                                                           
SCOTT                                                                           
KING                                                                            
TURNER                                                                          
FORD                                                                            
MILLER                                                                          

11 rows selected.

SQL> --2
SQL> SELECT ENAME,SAL
  2  FROM EMP
  3  WHERE SAL<(SELECT SAL
  4  FROM EMP
  5  WHERE ENAME='KING');

ENAME             SAL                                                           
---------- ----------                                                           
SMITH             800                                                           
ALLEN            1600                                                           
WARD             1250                                                           
JONES            2975                                                           
MARTIN           1250                                                           
BLAKE            2850                                                           
CLARK            2450                                                           
SCOTT            3000                                                           
TURNER           1500                                                           
ADAMS            1100                                                           
JAMES             950                                                           

ENAME             SAL                                                           
---------- ----------                                                           
FORD             3000                                                           
MILLER           1300                                                           

13 rows selected.

SQL> SET LINES 200 PAGES 100;
SQL> /

ENAME             SAL                                                                                                                                                                                   
---------- ----------                                                                                                                                                                                   
SMITH             800                                                                                                                                                                                   
ALLEN            1600                                                                                                                                                                                   
WARD             1250                                                                                                                                                                                   
JONES            2975                                                                                                                                                                                   
MARTIN           1250                                                                                                                                                                                   
BLAKE            2850                                                                                                                                                                                   
CLARK            2450                                                                                                                                                                                   
SCOTT            3000                                                                                                                                                                                   
TURNER           1500                                                                                                                                                                                   
ADAMS            1100                                                                                                                                                                                   
JAMES             950                                                                                                                                                                                   
FORD             3000                                                                                                                                                                                   
MILLER           1300                                                                                                                                                                                   

13 rows selected.

SQL> --3
SQL> SELECT ENAME,DEPTNO
  2  FROM EMP
  3  WHERE DEPTNO IN(SELECT DEPTNO
  4  FROM EMP
  5  WHERE ENAME='JONES');

ENAME          DEPTNO                                                                                                                                                                                   
---------- ----------                                                                                                                                                                                   
FORD               20                                                                                                                                                                                   
ADAMS              20                                                                                                                                                                                   
SCOTT              20                                                                                                                                                                                   
JONES              20                                                                                                                                                                                   
SMITH              20                                                                                                                                                                                   

SQL> --4
SQL> SELECT ENAME,JOB
  2  FROM EMP
  3  WHERE JOB=(SELECT JOB
  4  FROM EMP
  5  WHERE ENAME='JAMES');

ENAME      JOB                                                                                                                                                                                          
---------- ---------                                                                                                                                                                                    
SMITH      CLERK                                                                                                                                                                                        
ADAMS      CLERK                                                                                                                                                                                        
JAMES      CLERK                                                                                                                                                                                        
MILLER     CLERK                                                                                                                                                                                        

SQL> --5
SQL> SELECT EMPNO,ENAME,SAL*12 AS ANNUAL_SAL
  2  FROM EMP
  3  WHERE SAL*12>(SELECT SAL*12
  4  FROM EMP
  5  WHERE ENAME='WARDS');

no rows selected

SQL>  --5
SQL>  SELECT EMPNO,ENAME,SAL*12 AS ANNUAL_SAL
  2   FROM EMP
  3   WHERE SAL*12>(SELECT SAL*12
  4   FROM EMP
  5   WHERE ENAME='WARD');

     EMPNO ENAME      ANNUAL_SAL                                                                                                                                                                        
---------- ---------- ----------                                                                                                                                                                        
      7499 ALLEN           19200                                                                                                                                                                        
      7566 JONES           35700                                                                                                                                                                        
      7698 BLAKE           34200                                                                                                                                                                        
      7782 CLARK           29400                                                                                                                                                                        
      7788 SCOTT           36000                                                                                                                                                                        
      7839 KING            60000                                                                                                                                                                        
      7844 TURNER          18000                                                                                                                                                                        
      7902 FORD            36000                                                                                                                                                                        
      7934 MILLER          15600                                                                                                                                                                        

9 rows selected.

SQL> -- CORRECTED
SQL> --6
SQL> SELECT ENAME,HIREDATE
  2  FROM EMP
  3  WHERE HIREDATE<(SELECT HIREDATE
  4  FROM EMP
  5  WHERE ENAME='SCOTT');

ENAME      HIREDATE                                                                                                                                                                                     
---------- ---------                                                                                                                                                                                    
SMITH      17-DEC-80                                                                                                                                                                                    
ALLEN      20-FEB-81                                                                                                                                                                                    
WARD       22-FEB-81                                                                                                                                                                                    
JONES      02-APR-81                                                                                                                                                                                    
MARTIN     28-SEP-81                                                                                                                                                                                    
BLAKE      01-MAY-81                                                                                                                                                                                    
CLARK      09-JUN-81                                                                                                                                                                                    
KING       17-NOV-81                                                                                                                                                                                    
TURNER     08-SEP-81                                                                                                                                                                                    
JAMES      03-DEC-81                                                                                                                                                                                    
FORD       03-DEC-81                                                                                                                                                                                    
MILLER     23-JAN-82                                                                                                                                                                                    

12 rows selected.

SQL> --7
SQL>  SELECT ENAME,HIREDATE
  2   FROM EMP
  3   WHERE HIREDATE<(SELECT HIREDATE
  4  );
)
*
ERROR at line 4:
ORA-00923: FROM keyword not found where expected 


SQL>  SELECT ENAME,HIREDATE
  2   FROM EMP
  3  WHERE HIREDATE>
  4  (SELECT HIREDATE FROM EMP
  5   WHERE JOB='PRESIDENT');

ENAME      HIREDATE                                                                                                                                                                                     
---------- ---------                                                                                                                                                                                    
SCOTT      19-APR-87                                                                                                                                                                                    
ADAMS      23-MAY-87                                                                                                                                                                                    
JAMES      03-DEC-81                                                                                                                                                                                    
FORD       03-DEC-81                                                                                                                                                                                    
MILLER     23-JAN-82                                                                                                                                                                                    

SQL> --8
SQL> SELECT ENAME,SAL
  2  FROM EMP'
  3  ;
ERROR:
ORA-01756: quoted string not properly terminated 


SQL> --8
SQL> SELECT ENAME,SAL'
  2  FROM EMP
  3  WHERE SAL<(SELECT EMPNO
  4  FROM EMP
  5  WHERE EMPNO=7839);
ERROR:
ORA-01756: quoted string not properly terminated 


SQL>  SELECT ENAME,SAL
  2  FROM EMP
  3  WHERE SAL<(SELECT EMPNO
  4  FROM EMP
  5  WHERE EMPNO=7839);

ENAME             SAL                                                                                                                                                                                   
---------- ----------                                                                                                                                                                                   
SMITH             800                                                                                                                                                                                   
ALLEN            1600                                                                                                                                                                                   
WARD             1250                                                                                                                                                                                   
JONES            2975                                                                                                                                                                                   
MARTIN           1250                                                                                                                                                                                   
BLAKE            2850                                                                                                                                                                                   
CLARK            2450                                                                                                                                                                                   
SCOTT            3000                                                                                                                                                                                   
KING             5000                                                                                                                                                                                   
TURNER           1500                                                                                                                                                                                   
ADAMS            1100                                                                                                                                                                                   
JAMES             950                                                                                                                                                                                   
FORD             3000                                                                                                                                                                                   
MILLER           1300                                                                                                                                                                                   

14 rows selected.

SQL> --9
SQL> SELECT *
  2  FROM EMP
  3  ;

     EMPNO ENAME      JOB              MGR HIREDATE         SAL       COMM     DEPTNO                                                                                                                   
---------- ---------- --------- ---------- --------- ---------- ---------- ----------                                                                                                                   
      7369 SMITH      CLERK           7902 17-DEC-80        800                    20                                                                                                                   
      7499 ALLEN      SALESMAN        7698 20-FEB-81       1600        300         30                                                                                                                   
      7521 WARD       SALESMAN        7698 22-FEB-81       1250        500         30                                                                                                                   
      7566 JONES      MANAGER         7839 02-APR-81       2975                    20                                                                                                                   
      7654 MARTIN     SALESMAN        7698 28-SEP-81       1250       1400         30                                                                                                                   
      7698 BLAKE      MANAGER         7839 01-MAY-81       2850                    30                                                                                                                   
      7782 CLARK      MANAGER         7839 09-JUN-81       2450                    10                                                                                                                   
      7788 SCOTT      ANALYST         7566 19-APR-87       3000                    20                                                                                                                   
      7839 KING       PRESIDENT            17-NOV-81       5000                    10                                                                                                                   
      7844 TURNER     SALESMAN        7698 08-SEP-81       1500          0         30                                                                                                                   
      7876 ADAMS      CLERK           7788 23-MAY-87       1100                    20                                                                                                                   
      7900 JAMES      CLERK           7698 03-DEC-81        950                    30                                                                                                                   
      7902 FORD       ANALYST         7566 03-DEC-81       3000                    20                                                                                                                   
      7934 MILLER     CLERK           7782 23-JAN-82       1300                    10                                                                                                                   

14 rows selected.

SQL> --8
SQL>  SELECT ENAME,SAL
  2  FROM EMP WHERE SAL<(SELECT SALFROM EMP
  3  WHERE EMPNO=7839);
WHERE EMPNO=7839)
*
ERROR at line 3:
ORA-00923: FROM keyword not found where expected 


SQL> --8
SQL> SELECT ENAME,SAL
  2  FROM EMP
  3  WHERE SAL<(SELECT SAL
  4  FROM EMP
  5  WHERE EMPNO=7839);

ENAME             SAL                                                                                                                                                                                   
---------- ----------                                                                                                                                                                                   
SMITH             800                                                                                                                                                                                   
ALLEN            1600                                                                                                                                                                                   
WARD             1250                                                                                                                                                                                   
JONES            2975                                                                                                                                                                                   
MARTIN           1250                                                                                                                                                                                   
BLAKE            2850                                                                                                                                                                                   
CLARK            2450                                                                                                                                                                                   
SCOTT            3000                                                                                                                                                                                   
TURNER           1500                                                                                                                                                                                   
ADAMS            1100                                                                                                                                                                                   
JAMES             950                                                                                                                                                                                   
FORD             3000                                                                                                                                                                                   
MILLER           1300                                                                                                                                                                                   

13 rows selected.

SQL> --9
SQL> SELECT *
  2  FROM EMP
  3  WHERE HIREDATE>(SELECT HIREDATE
  4  FROM EMP
  5  WHERE ENAME='MILLER');

     EMPNO ENAME      JOB              MGR HIREDATE         SAL       COMM     DEPTNO                                                                                                                   
---------- ---------- --------- ---------- --------- ---------- ---------- ----------                                                                                                                   
      7788 SCOTT      ANALYST         7566 19-APR-87       3000                    20                                                                                                                   
      7876 ADAMS      CLERK           7788 23-MAY-87       1100                    20                                                                                                                   

SQL> --10
SQL>  SELECT *
  2   FROM EMP
  3  ;

     EMPNO ENAME      JOB              MGR HIREDATE         SAL       COMM     DEPTNO                                                                                                                   
---------- ---------- --------- ---------- --------- ---------- ---------- ----------                                                                                                                   
      7369 SMITH      CLERK           7902 17-DEC-80        800                    20                                                                                                                   
      7499 ALLEN      SALESMAN        7698 20-FEB-81       1600        300         30                                                                                                                   
      7521 WARD       SALESMAN        7698 22-FEB-81       1250        500         30                                                                                                                   
      7566 JONES      MANAGER         7839 02-APR-81       2975                    20                                                                                                                   
      7654 MARTIN     SALESMAN        7698 28-SEP-81       1250       1400         30                                                                                                                   
      7698 BLAKE      MANAGER         7839 01-MAY-81       2850                    30                                                                                                                   
      7782 CLARK      MANAGER         7839 09-JUN-81       2450                    10                                                                                                                   
      7788 SCOTT      ANALYST         7566 19-APR-87       3000                    20                                                                                                                   
      7839 KING       PRESIDENT            17-NOV-81       5000                    10                                                                                                                   
      7844 TURNER     SALESMAN        7698 08-SEP-81       1500          0         30                                                                                                                   
      7876 ADAMS      CLERK           7788 23-MAY-87       1100                    20                                                                                                                   
      7900 JAMES      CLERK           7698 03-DEC-81        950                    30                                                                                                                   
      7902 FORD       ANALYST         7566 03-DEC-81       3000                    20                                                                                                                   
      7934 MILLER     CLERK           7782 23-JAN-82       1300                    10                                                                                                                   

14 rows selected.

SQL> --9
SQL>  SELECT *
  2   FROM EMP
  3   WHERE HIREDATE<(SELECT HIREDATE FROM EMP
  4   WHERE ENAME='MILLER');

     EMPNO ENAME      JOB              MGR HIREDATE         SAL       COMM     DEPTNO                                                                                                                   
---------- ---------- --------- ---------- --------- ---------- ---------- ----------                                                                                                                   
      7369 SMITH      CLERK           7902 17-DEC-80        800                    20                                                                                                                   
      7499 ALLEN      SALESMAN        7698 20-FEB-81       1600        300         30                                                                                                                   
      7521 WARD       SALESMAN        7698 22-FEB-81       1250        500         30                                                                                                                   
      7566 JONES      MANAGER         7839 02-APR-81       2975                    20                                                                                                                   
      7654 MARTIN     SALESMAN        7698 28-SEP-81       1250       1400         30                                                                                                                   
      7698 BLAKE      MANAGER         7839 01-MAY-81       2850                    30                                                                                                                   
      7782 CLARK      MANAGER         7839 09-JUN-81       2450                    10                                                                                                                   
      7839 KING       PRESIDENT            17-NOV-81       5000                    10                                                                                                                   
      7844 TURNER     SALESMAN        7698 08-SEP-81       1500          0         30                                                                                                                   
      7900 JAMES      CLERK           7698 03-DEC-81        950                    30                                                                                                                   
      7902 FORD       ANALYST         7566 03-DEC-81       3000                    20                                                                                                                   

11 rows selected.

SQL> --10
SQL> SELECT ENAME,EMPNO
  2  FROM EMP
  3  WHERE SAL<(SELECT SAL
  4  FROM EMP
  5  WHERE ENAME='ALLEN');

ENAME           EMPNO                                                                                                                                                                                   
---------- ----------                                                                                                                                                                                   
SMITH            7369                                                                                                                                                                                   
WARD             7521                                                                                                                                                                                   
MARTIN           7654                                                                                                                                                                                   
TURNER           7844                                                                                                                                                                                   
ADAMS            7876                                                                                                                                                                                   
JAMES            7900                                                                                                                                                                                   
MILLER           7934                                                                                                                                                                                   

7 rows selected.

SQL> --10
SQL>  --10
SQL>  SELECT ENAME,EMPNO
  2   FROM EMP
  3   WHERE SAL>
  4  (SELECT SAL FROM EMP
  5   WHERE ENAME='ALLEN');

ENAME           EMPNO                                                                                                                                                                                   
---------- ----------                                                                                                                                                                                   
JONES            7566                                                                                                                                                                                   
BLAKE            7698                                                                                                                                                                                   
CLARK            7782                                                                                                                                                                                   
SCOTT            7788                                                                                                                                                                                   
KING             7839                                                                                                                                                                                   
FORD             7902                                                                                                                                                                                   

6 rows selected.

SQL> --11
SQL> SELECT ENAME,SAL
  2  FROM EMP
  3  WHERE SAL >(SELECT SAL
  4  FROM EMP
  5  WHERE ENAME='MILLER')AND SAL<(SELECT SAL
  6  FROM EMP
  7  WHERE ENAME='ALLEN');

ENAME             SAL                                                                                                                                                                                   
---------- ----------                                                                                                                                                                                   
TURNER           1500                                                                                                                                                                                   

SQL> --12
SQL> SELECT * FROM EMP
  2  ;

     EMPNO ENAME      JOB              MGR HIREDATE         SAL       COMM     DEPTNO                                                                                                                   
---------- ---------- --------- ---------- --------- ---------- ---------- ----------                                                                                                                   
      7369 SMITH      CLERK           7902 17-DEC-80        800                    20                                                                                                                   
      7499 ALLEN      SALESMAN        7698 20-FEB-81       1600        300         30                                                                                                                   
      7521 WARD       SALESMAN        7698 22-FEB-81       1250        500         30                                                                                                                   
      7566 JONES      MANAGER         7839 02-APR-81       2975                    20                                                                                                                   
      7654 MARTIN     SALESMAN        7698 28-SEP-81       1250       1400         30                                                                                                                   
      7698 BLAKE      MANAGER         7839 01-MAY-81       2850                    30                                                                                                                   
      7782 CLARK      MANAGER         7839 09-JUN-81       2450                    10                                                                                                                   
      7788 SCOTT      ANALYST         7566 19-APR-87       3000                    20                                                                                                                   
      7839 KING       PRESIDENT            17-NOV-81       5000                    10                                                                                                                   
      7844 TURNER     SALESMAN        7698 08-SEP-81       1500          0         30                                                                                                                   
      7876 ADAMS      CLERK           7788 23-MAY-87       1100                    20                                                                                                                   
      7900 JAMES      CLERK           7698 03-DEC-81        950                    30                                                                                                                   
      7902 FORD       ANALYST         7566 03-DEC-81       3000                    20                                                                                                                   
      7934 MILLER     CLERK           7782 23-JAN-82       1300                    10                                                                                                                   

14 rows selected.

SQL> --12
SQL> SELECT * FROM EMP WHERE DEPTNO = 20 AND JOB = ( SELECT JOB    FROM EMP              WHERE ENAME ='SMITH');

     EMPNO ENAME      JOB              MGR HIREDATE         SAL       COMM     DEPTNO                                                                                                                   
---------- ---------- --------- ---------- --------- ---------- ---------- ----------                                                                                                                   
      7369 SMITH      CLERK           7902 17-DEC-80        800                    20                                                                                                                   
      7876 ADAMS      CLERK           7788 23-MAY-87       1100                    20                                                                                                                   

SQL> --13
SQL> SELECT * FROM EMP WHERE JOB ='MANAGER'  AND DEPTNO = ( SELECT DEPTNO FROM EMPWHERE ENAME ='TURNER' ) ;
SELECT * FROM EMP WHERE JOB ='MANAGER'  AND DEPTNO = ( SELECT DEPTNO FROM EMPWHERE ENAME ='TURNER' ) 
                                                                                         *
ERROR at line 1:
ORA-00907: missing right parenthesis 


SQL> SELECT * FROM EMP
  2  WHERE JOB='MANAGER' AND DEPTNO=(SELECT DEPTNO
  3  FROM EMP
  4  WHERE ENAME='TURNER');

     EMPNO ENAME      JOB              MGR HIREDATE         SAL       COMM     DEPTNO                                                                                                                   
---------- ---------- --------- ---------- --------- ---------- ---------- ----------                                                                                                                   
      7698 BLAKE      MANAGER         7839 01-MAY-81       2850                    30                                                                                                                   

SQL> --14
SQL> SELECT ENAME , HIREDATE FROM EMP WHERE HIREDATE > '31-DEC-1980 '  AND         HIREDATE < ( SELECT HIREDATE           FROM EMPWHERE ENAME ='KING' );
SELECT ENAME , HIREDATE FROM EMP WHERE HIREDATE > '31-DEC-1980 '  AND         HIREDATE < ( SELECT HIREDATE           FROM EMPWHERE ENAME ='KING' )
                                                                                                                                         *
ERROR at line 1:
ORA-00907: missing right parenthesis 


SQL> SELECT ENAME,HIREDATE
  2  FROM EMP
  3  WHERE HIREDATE>'31-DEC-1980 '  AND         HIREDATE <
  4  (SELECT HIREDATE           FROM EMPWHERE ENAME ='KING' );
(SELECT HIREDATE           FROM EMPWHERE ENAME ='KING' )
                                               *
ERROR at line 4:
ORA-00907: missing right parenthesis 


SQL> --14
SQL> SELECT ENAME,HIREDATE
  2  FROM EMP
  3  WHERE HIREDATE> '31-DEC-1980' AND HIREDATE<
  4  (SELECT HIREDATE
  5  FROM EMP
  6  WHERE ENAME='KING');

ENAME      HIREDATE                                                                                                                                                                                     
---------- ---------                                                                                                                                                                                    
ALLEN      20-FEB-81                                                                                                                                                                                    
WARD       22-FEB-81                                                                                                                                                                                    
JONES      02-APR-81                                                                                                                                                                                    
MARTIN     28-SEP-81                                                                                                                                                                                    
BLAKE      01-MAY-81                                                                                                                                                                                    
CLARK      09-JUN-81                                                                                                                                                                                    
TURNER     08-SEP-81                                                                                                                                                                                    

7 rows selected.

SQL> --15
SQL> SELECT ENAME , SAL , SAL*12 AS ANNUAL_SAL
  2  FROM EMP WHERE SAL > 3500 AND  SAL <
  3  ( SELECT SAL          FROM EMP          WHERE ENAME ='BLAKE’ );
ERROR:
ORA-01756: quoted string not properly terminated 


SQL>  SELECT ENAME , SAL , SAL*12 AS ANNUAL_SAL
  2   FROM EMP WHERE SAL > 3500 AND  SAL <
  3  (SELECT SAL
  4  FROM EMP
  5  WHERE ENAME='BLAKE');

no rows selected

SQL> --16
SQL> SELECT *FROM EMP WHERE SAL > ( SELECT SAL         FROM EMP        WHERE ENAME ='SCOTT') AND         SAL < ( SELECT SAL             FROM EMP        WHERE ENAME ='KING' );

no rows selected

SQL> --17
SQL> SELECT ENAMEFROM EMP WHERE ENAME LIKE 'A%'  AND DEPTNO = ( SELECT DEPTNO FROM EMP         WHERE ENAME ='BLAKE'  ) ;
SELECT ENAMEFROM EMP WHERE ENAME LIKE 'A%'  AND DEPTNO = ( SELECT DEPTNO FROM EMP         WHERE ENAME ='BLAKE'  ) 
                     *
ERROR at line 1:
ORA-00923: FROM keyword not found where expected 


SQL> SELECT ENAMEFROM EMP WHERE ENAME LIKE 'A%'  AND DEPTNO = ( SELECT DEPTNO FROM EMP         WHERE ENAME ='BLAKE'  ) ;
SELECT ENAMEFROM EMP WHERE ENAME LIKE 'A%'  AND DEPTNO = ( SELECT DEPTNO FROM EMP         WHERE ENAME ='BLAKE'  ) 
                     *
ERROR at line 1:
ORA-00923: FROM keyword not found where expected 


SQL> SELECGT ENAME
SP2-0734: unknown command beginning "SELECGT EN..." - rest of line ignored.
SQL> SELECT ENAME
  2  FROM EMP
  3  WHERE ENAME LIKE 'A%'  AND DEPTNO = ( SELECT DEPTNO FROM EMP
  4  WHERE ENAME='BLAKE');

ENAME                                                                                                                                                                                                   
----------                                                                                                                                                                                              
ALLEN                                                                                                                                                                                                   

SQL> --`8'
SQL> --18
SQL> SELECT  ENAME , COMM FROM EMP WHERE COMM IS NOT NULL AND JOB = ( SELECT JOB       FROM EMP      WHERE ENAME ='SMITH');

no rows selected

SQL>  SELECT  ENAME , COMM FROM EMP WHERE COMM IS NOT NULL AND JOB =
  2  (SELECT JOB
  3  FROM EMP
  4  WHERE ENAME='SMITH');

no rows selected

SQL> --19
SQL> SELECT * FROM EMP WHERE JOB ='CLERK'  AND DEPTNO = ( SELECT DEPTNO FROM EMPWHERE ENAME ='TURNER' ) ;
SELECT * FROM EMP WHERE JOB ='CLERK'  AND DEPTNO = ( SELECT DEPTNO FROM EMPWHERE ENAME ='TURNER' ) 
                                                                                       *
ERROR at line 1:
ORA-00907: missing right parenthesis 


SQL> SELECT *
  2  FROM EMP
  3  WHERE JOB='CLERK' AND DEPTNO=
  4  ( SELECT DEPTNO FROM EMPWHERE ENAME ='TURNER');
( SELECT DEPTNO FROM EMPWHERE ENAME ='TURNER')
                                    *
ERROR at line 4:
ORA-00907: missing right parenthesis 


SQL> 
SQL> SELECT *
  2  FROM EMP
  3  WHERE JOB='CLERK' AND DEPTNO=
  4  (SELECT  DEPTNO FROM EMPWHERE ENAME ='TURNER');
(SELECT  DEPTNO FROM EMPWHERE ENAME ='TURNER')
                                    *
ERROR at line 4:
ORA-00907: missing right parenthesis 


SQL> SELECT *
  2  FROM EMP
  3  WHERE JOB='CLERK' AND DEPTNO=
  4  (SELECT DEPTNO
  5  FROM EMP
  6  WHERE ENAME='TURNER');

     EMPNO ENAME      JOB              MGR HIREDATE         SAL       COMM     DEPTNO                                                                                                                   
---------- ---------- --------- ---------- --------- ---------- ---------- ----------                                                                                                                   
      7900 JAMES      CLERK           7698 03-DEC-81        950                    30                                                                                                                   

SQL> --20
SQL> SELECT ENAME , SAL , JOB FROM EMP WHERE SAL*12 > ( SELECT SAL *12    FROM EMP     WHERE ENAME ='SMITH') AND     SAL *12< ( SELECT SAL *12              FROM EMP               WHERE ENAME ='KING' );

ENAME             SAL JOB                                                                                                                                                                               
---------- ---------- ---------                                                                                                                                                                         
ALLEN            1600 SALESMAN                                                                                                                                                                          
WARD             1250 SALESMAN                                                                                                                                                                          
JONES            2975 MANAGER                                                                                                                                                                           
MARTIN           1250 SALESMAN                                                                                                                                                                          
BLAKE            2850 MANAGER                                                                                                                                                                           
CLARK            2450 MANAGER                                                                                                                                                                           
SCOTT            3000 ANALYST                                                                                                                                                                           
TURNER           1500 SALESMAN                                                                                                                                                                          
ADAMS            1100 CLERK                                                                                                                                                                             
JAMES             950 CLERK                                                                                                                                                                             
FORD             3000 ANALYST                                                                                                                                                                           
MILLER           1300 CLERK                                                                                                                                                                             

12 rows selected.

SQL> SPOOL OFF;
